--------- beginning of system
07-10 10:07:06.301  3725  3725 I SDHMS:LOAD: type: LoadsFreqs, value: 0:0:0:741260:1469000:650000:741260:1469000:650000:0:0:0
07-10 10:07:06.363   601   601 D io_stats: !@   8,0 r 41963984 849195004 w 7154596 121738008 d 0 0 f 0 0 iot 10093288 0 th 0 0 0 pt 0 inp 0 0 296761.633
--------- beginning of main
07-10 10:07:06.390 11502 11502 D BoundBrokerSvc: onRebind: Intent { act=com.google.android.gms.libs.gmscorelogger.service.START dat=chimera-action:/... cmp=com.google.android.gms/.chimera.PersistentDirectBootAwareApiService }
07-10 10:07:06.928  5662  5666 I ding:background: Background concurrent copying GC freed 7206KB AllocSpace bytes, 20(776KB) LOS objects, 60% free, 4083KB/10227KB, paused 161us,76us total 125.232ms
07-10 10:07:07.696  5735  5740 I ng:quick_launch: Background concurrent copying GC freed 2574KB AllocSpace bytes, 12(536KB) LOS objects, 64% free, 3449KB/9593KB, paused 143us,62us total 114.103ms
07-10 10:07:08.363   601   601 D io_stats: !@   8,0 r 41964001 849195296 w 7154599 121738068 d 0 0 f 0 0 iot 10093308 0 th 0 0 0 pt 0 inp 0 0 296763.634
07-10 10:07:09.578  1957  2094 D MobileStatusTracker(0/1): onSignalStrengthsChanged level=4, vendorLevel=3
07-10 10:07:09.579  1957  2094 D MobileSignalController(0/1): notifyListener: enabled=true, connected=true, dataConnected=true, networkType=LTE/LTE_CA (4G+), emergencyOnly=false, roaming=false, isDefault=true, dataActivity=inout, level=3, ca=true, mmWave=false, disabledDataIcon=false, simCard=ETC, sosState=false, satelliteState=0
07-10 10:07:09.584  1957  2094 D NetworkController: SignalStrength from intent slotId=0
07-10 10:07:10.133  1468  2321 D BatteryService: Sending ACTION_BATTERY_CHANGED: level:99, status:2, health:2, ac:false, usb:true, wireless:false, pogo:false, misc:0x0, charge_type:1, charger_type:0, voltage:4186, temperature:305, online:5, current_avg:470, ps:false, hvc:false, capacity:280000, current_event:0x0, current_now:457, mcc:0, mcv:0, cc:4339410, present:true, scale:100, technology:Li-ion
07-10 10:07:10.133  1129  1129 E sehhealth-service: Could not open /sys/class/power_supply/battery/lrp
07-10 10:07:10.135  1468  1468 D PhoneWindowManagerExt: ACTION_BATTERY_CHANGED - Level=99, status=2
07-10 10:07:10.136  1468  1636 D MotionRecognitionService: [SAR]  onReceive : ACTION_BATTERY_CHANGED, Plugged: 2
07-10 10:07:10.136  1468  1866 I DeviceBatteryInfoService: action: android.intent.action.BATTERY_CHANGED
07-10 10:07:10.137  1468  1866 I DeviceBatteryInfoService: phone battery level: 99
07-10 10:07:10.137  1468  1866 I DeviceBatteryInfoService: phone battery status: 2
07-10 10:07:10.137  1468  1468 D SemWifiApBroadcastReceiver: Received : android.intent.action.BATTERY_CHANGED
07-10 10:07:10.138  1942  1942 D SemBigDataInfoController: Intent: android.intent.action.BATTERY_CHANGED
07-10 10:07:10.139  1957  1957 D SamsungBatteryMeterDrawable: onBatteryLevelChanged isSomethingChanged: false
07-10 10:07:10.139  1957  1957 D SamsungBatteryMeterDrawable: onBatteryLevelChanged isSomethingChanged: false
07-10 10:07:10.140  1957  1957 D SamsungBatteryMeterDrawable: onBatteryLevelChanged isSomethingChanged: false
07-10 10:07:10.140  1957  1957 D SamsungBatteryMeterDrawable: onBatteryLevelChanged isSomethingChanged: false
07-10 10:07:10.140  1957  1957 D KeyguardUpdateMonitor: received broadcast android.intent.action.BATTERY_CHANGED
07-10 10:07:10.141  1957  1957 I PowerUI : mBootCompleted = true |  mFullyConnected = true
07-10 10:07:10.141  1957  1957 I PowerUI : BATTERY_HEALTH_CHECK extraHealth=2 mBatteryMiscEvent=0
07-10 10:07:10.141  1957  1957 W PowerUI : Plug reason
07-10 10:07:10.141  1957  1957 W PowerUI : Skip charging animation - by plug status
07-10 10:07:10.141  1957  1957 D PowerUI : priorPlugType = 2 mPlugType = 2 priorBatteryStatus = 2 mBatteryStatus = 2
07-10 10:07:10.141  1957  1957 W PowerUI : Plug reason
07-10 10:07:10.141  1957  1957 W PowerUI : Skip charging sound - by plug status
07-10 10:07:10.141  1957  1957 I PowerUI : oldMisalign : false, curMisalign : false
07-10 10:07:10.142  1957  2970 D SecPowerUI.Notification: dismissing low battery warning: level=99
07-10 10:07:10.142  1957  2970 D SecPowerUI.Notification: updateNotification mWarning=false mPlaySound=false
07-10 10:07:10.142  1957  2970 D SecPowerUI.Notification: SecBatteryStatsSnapshot{batteryLevel=99, currentBatteryMode=0, chargingTime=150000, chargingType=11, batteryHealth=2, automaticTestMode=false, isHiccupState=false}
07-10 10:07:10.143  1957  2970 D SecPowerUI.Notification: 1. restoreScreenTimeOut - saved_value : :
07-10 10:07:10.143  1957  1957 D SecPowerUI.Notification: showChargingNotice oldChargingType : 11 / currentChargingType : 11, oldChargingTime : 150000 / mChargingTime : 116000
07-10 10:07:10.143  1957  2970 E SecPowerUI.Notification: no saved value, so we do nothing !!
07-10 10:07:10.143  1957  1957 D SecPowerUI.Notification: showChargingNotification()
07-10 10:07:10.144  1957  1957 D SecPowerUI.Notification: SecBatteryStatsSnapshot{batteryLevel=99, currentBatteryMode=0, chargingTime=116000, chargingType=11, batteryHealth=2, automaticTestMode=false, isHiccupState=false}
07-10 10:07:10.150  1957  1957 I NotificationManager: com.android.systemui: notify(2131429007, charging_state, Notification(channel=CHR shortcut=null contentView=null vibrate=null sound=null defaults=0x0 flags=0xa color=0xff5075a1 category=sys groupKey=CHARGING vis=PUBLIC semFlags=0x0 semPriority=0 semMissedCount=0)) as user
07-10 10:07:10.159  1957  1957 D PowerUI : Battery swelling mode - priorBatterySwellingMode = 0 mBatterySwellingMode = 0 mBatteryStatus = 2
07-10 10:07:10.159  1957  1957 I PowerUI : mBatteryMiscEvent = 0
07-10 10:07:10.160  1957  1957 I AODBatteryManager: updateBatteryData: ACTION_BATTERY_CHANGED
07-10 10:07:10.162  1957  1957 I AODBatteryManager: saveBatteryData : AOD BatteryData [mBatteryLevel=99, mBatteryStatus=CHARGING, mBatteryPlugType=USB, mBatteryPlugged=true, mRemainingChargeTime=116000, mBatteryChargingType=1, mBatteryChargerType=NORMAL, mBatteryOnline=NOT_DEFINED, mBatterySwellingMode=NONE, mBatteryProtectMode=false]
07-10 10:07:10.165  1957  1957 I ChargingInfoManager: updateChargingInfo: newState = AOD ChargingInfo [mState=BATTERY_AND_REMAIN_TIME, mIsCharging=true, mIsFullyCharged=false, mIsBatteryProtectMode=false], oldState = AOD ChargingInfo [mState=BATTERY_AND_REMAIN_TIME, mIsCharging=true, mIsFullyCharged=false, mIsBatteryProtectMode=false]
07-10 10:07:10.166  1957  1957 D KeyguardUpdateMonitor: handleBatteryUpdate
07-10 10:07:10.180  1957  1957 D KeyguardSecIndicationPolicy:  add T Event pos = DEFAULT, type =              BATTERY, id = 10646, text =   99%
07-10 10:07:10.180  1957  1957 D KeyguardSecIndicationPolicy: 1 min avant pleine charge, duration = 3000
07-10 10:07:10.180  1957  1957 D KeyguardSecIndicationController: onIndicationChanged() return - keyguard is not visible, pos = DEFAULT, item = [id=10646|ty=BATTERY|pr=40|txt=  99%
07-10 10:07:10.180  1957  1957 D KeyguardSecIndicationController: 1 min avant pleine charge|ti=duration=3000|an=false]
07-10 10:07:10.181  1957  1957 D KeyguardSecIndicationPolicy: update Event pos = DEFAULT, type =      BATTERY_RESTING, id = 10647, text =   99%
07-10 10:07:10.181  1957  1957 D KeyguardSecIndicationPolicy: 1 min avant pleine charge
07-10 10:07:10.182  1957  1957 D KeyguardSecIndicationController: addBatteryAndOwnerInfoIndication() battery status = BatteryStatus{status=2,level=99,plugged=2,health=2,maxChargingWattage=-1,remaining=116000ultraFastCharger=0}
07-10 10:07:10.364   601   601 D io_stats: !@   8,0 r 41964035 849196244 w 7154599 121738068 d 0 0 f 0 0 iot 10093320 0 th 0 0 0 pt 0 inp 0 5 296765.635
07-10 10:07:10.387  9571  9571 I Edge.badge: updateBadge item = com.android.systemui:-1 1
07-10 10:07:10.388  2465  2465 I Launcher.NotificationListener: onNotificationPosted : com.android.systemui number : 0
07-10 10:07:10.390  1957  1957 D InterruptionStateProvider: Group alert behavior is suppressed but we want to alert bubble
07-10 10:07:10.432  1147  1147 I SurfaceFlinger: SFWD update time=296765701531926
07-10 10:07:10.583  1957  1957 D BubblesManager: onEntryUpdated : shouldBubbleUp=false ,key=-1|com.android.systemui|2131429007|charging_state|10054
07-10 10:07:10.587  1957  1957 D InterruptionStateProvider:  no Heads up : edgelighting enabled app. -1|com.android.systemui|2131429007|charging_state|10054
07-10 10:07:10.719  1468  1818 I ChimeraAggressivePolicyHandler: executePolicy() - triggerSource: TRIGGER_SOURCE_LMKD
07-10 10:07:10.721  1468  1818 I ChimeraAggressivePolicyHandler: available memory: 1322492, free memory target: 645120, quit chimera
07-10 10:07:11.117 29267 29293 I ContactsProvider_EventLog: cp_s: [CONTACT con(2012) dat(16048) acc({phone(1)=1768, google(12)=49, com.google.android.apps.tachyon(7)=321, sim(2)=13, com.whatsapp(8)=1234}) calls([logtype:100 cnt:1725, logtype:200 cnt:15, logtype:300 cnt:184]) Iso(FR) uId(0) ]
07-10 10:07:11.117 29267 29293 I ContactsProvider_EventLog: cp_s: [ agr({[8 ,8 ,8 ,8 ,1]=1, [1 ,8 ,1 ,8 ,7]=1, [8]=169, [1 ,7]=75, [1 ,8 ,2]=2, [1 ,1]=7, [1 ,8 ,8 ,8]=1, [2]=2, [1 ,8 ,8]=14, [12 ,7]=1, [8 ,1 ,8]=2, [12]=9, [8 ,12]=1, [1 ,1 ,8 ,7]=2, [8 ,2]=1, [8 ,2 ,7]=1, [8 ,8 ,8 ,1 ,7]=1, [1 ,8 ,1]=11, [7]=20, [8 ,7]=32, [1 ,8 ,7]=74, [1]=705, [1 ,2]=7, [1 ,8 ,8 ,7]=4, [12 ,8]=31, [8 ,1 ,7]=95, [1 ,1 ,8]=4, [1 ,8]=286, [1 ,8 ,8 ,1]=1, [8 ,8 ,1]=12, [12 ,8 ,7]=7, [8 ,8 ,8 ,1]=1, [8 ,8 ,1 ,7]=4, [8 ,1]=423, [1 ,1 ,8 ,8]=1, [1 ,7 ,8]=1, [1 ,8 ,1 ,7]=3}) ]
07-10 10:07:11.117 29267 29293 I ContactsProvider_EventLog: cp_s: [ cnt({acore(29267)=1}) ]
07-10 10:07:11.117 29267 29293 I ContactsProvider_EventLog: cp_s: [PROFILE ] [SAPROFILE con(1) acc({phone(1)=1}) ]
07-10 10:07:11.117 29267 29293 I ContactsProvider_EventLog: cp_s: [STATE R(F) ]
07-10 10:07:12.056  1957  2094 D MobileStatusTracker(0/1): onSignalStrengthsChanged level=3, vendorLevel=3
07-10 10:07:12.061  1957  2094 D MobileSignalController(0/1): notifyListener: enabled=true, connected=true, dataConnected=true, networkType=LTE/LTE_CA (4G+), emergencyOnly=false, roaming=false, isDefault=true, dataActivity=inout, level=3, ca=true, mmWave=false, disabledDataIcon=false, simCard=ETC, sosState=false, satelliteState=0
07-10 10:07:12.061  1957  2094 D NetworkController: SignalStrength from intent slotId=0
07-10 10:07:12.365   601   601 D io_stats: !@   8,0 r 41964443 849201768 w 7154749 121751204 d 0 0 f 0 0 iot 10093476 0 th 0 0 0 pt 0 inp 0 0 296767.636
07-10 10:07:12.832  1468  1508 W libprocessgroup: Failed to open /dev/blkio//cgroup.procs: No such file or directory
07-10 10:07:12.852 30336 30368 I ReactNativeJNI: Memory warning (pressure level: TRIM_MEMORY_COMPLETE) received by JS VM, running a GC
07-10 10:07:12.856  3725  4639 I SDHMS:D : SIOP:: AP:389 BAT:305 USB:288 CHG:392 PA:358 WIFI:382 BLK:347 SKIN:382 SKINF:382 SKINB:372 LRP:382 LRF:382 LRB:372 
07-10 10:07:12.871 30336 30370 D OpenGLRenderer: setSurface called with nullptr
07-10 10:07:12.908  1468  1499 I ActivityManager: com.samsung.android.lool is exempt from freezer
07-10 10:07:12.909  1468  1499 D CompatibilityChangeReporter: Compat change id reported: 135634846; UID 1000; state: DISABLED
07-10 10:07:12.910  1468  1499 D CompatibilityChangeReporter: Compat change id reported: 177438394; UID 1000; state: DISABLED
07-10 10:07:12.911  1468  1499 D CompatibilityChangeReporter: Compat change id reported: 135772972; UID 1000; state: DISABLED
07-10 10:07:12.911  1468  1499 D CompatibilityChangeReporter: Compat change id reported: 135754954; UID 1000; state: ENABLED
07-10 10:07:12.919 28792 28792 I CMHJobService: [#CMH#] onStartJob Called at juil. 10,2026 10:07:12 
07-10 10:07:12.934 28792 28792 I CMHJobService: [#CMH#] Battery Percentage is:  0.99, High Temp: 0
07-10 10:07:12.940  1101  1101 D Zygote  : Forked child process 5866
07-10 10:07:12.941  1468  1500 I ActivityManager: Start proc 5866:com.samsung.android.lool/1000 for broadcast {com.samsung.android.lool/com.samsung.android.sm.security.model.trigger.SecurityBridgeReceiver}
07-10 10:07:12.966  1468  3832 D CompatibilityChangeReporter: Compat change id reported: 168419799; UID 1000; state: DISABLED
07-10 10:07:12.976  5866  5866 I ng.android.lool: Using generational CollectorTypeCC GC.
07-10 10:07:12.982  1468  1888 D SyncManager: userId - 0 auto - true
07-10 10:07:12.985 28792 28792 I CMHApplication: [#CMH#] Block to verify, Change Trim Memory Level: 80 
07-10 10:07:12.985  1244  9241 I CameraService: onUidStateChanged: uid=10234, procState is changed. (16 -> 10)
07-10 10:07:12.987  1468  1508 W libprocessgroup: Failed to open /dev/blkio//cgroup.procs: No such file or directory
07-10 10:07:12.988  1468  1508 W libprocessgroup: Failed to open /dev/blkio//cgroup.procs: No such file or directory
07-10 10:07:12.993  5866  5866 D nativeloader: Load libframework-connectivity-tiramisu-jni.so using APEX ns com_android_tethering for caller /apex/com.android.tethering/javalib/framework-connectivity-t.jar: ok
07-10 10:07:12.994 32746  1541 I ForwardSyncCache: reclaimMemory: Clearing caches
07-10 10:07:12.995 32746  1541 W Bugle   : TextClassifierLibManagerImpl: Reclaiming memory at level: 60
07-10 10:07:12.996  5866  5866 D ActivityThread: setConscryptValidator
07-10 10:07:12.996  5866  5866 D ActivityThread: setConscryptValidator - put
07-10 10:07:13.001  1468  3832 I ActivityManager: DSS OFF for com.samsung.android.lool
07-10 10:07:13.007  1244  5945 I CameraService: onUidStateChanged: uid=10234, procState is changed. (10 -> 16)
07-10 10:07:13.008  5866  5866 D CompatibilityChangeReporter: Compat change id reported: 171979766; UID 1000; state: ENABLED
07-10 10:07:13.060  1468  2041 D SyncManager: userId - 0 auto - true
07-10 10:07:13.091  1468  2041 D SyncManager: userId - 0 auto - true
07-10 10:07:13.098  1468  2041 D SyncManager: userId - 0 auto - true
07-10 10:07:13.177  1957  2094 D MobileStatusTracker(0/1): onSignalStrengthsChanged level=4, vendorLevel=3
07-10 10:07:13.179  1957  2094 D MobileSignalController(0/1): notifyListener: enabled=true, connected=true, dataConnected=true, networkType=LTE/LTE_CA (4G+), emergencyOnly=false, roaming=false, isDefault=true, dataActivity=inout, level=3, ca=true, mmWave=false, disabledDataIcon=false, simCard=ETC, sosState=false, satelliteState=0
07-10 10:07:13.182  1957  1957 D KeyguardSecIndicationPolicy:  remove Item pos = DEFAULT                             , id = 10646, 
07-10 10:07:13.183  1957  1957 D KeyguardSecIndicationController: onIndicationChanged() return - keyguard is not visible, skip ownerInfo
07-10 10:07:13.183  1957  2094 D NetworkController: SignalStrength from intent slotId=0
07-10 10:07:13.245  5866  5866 I CapsuleProvider_1.1.3: onCreate
07-10 10:07:13.247  5866  5866 I com.samsung.android.sm.iafd.InitializationProvider: doInit
07-10 10:07:13.248  5866  5891 I Dc.IafdDbManager: iafd_libVersion = 2.0.6
07-10 10:07:13.251  1468  2041 D CompatibilityChangeReporter: Compat change id reported: 161145287; UID 1000; state: DISABLED
07-10 10:07:13.258  5866  5866 I DC.SettingSearchProvider: version : 1388201000, lang : fr_FR
07-10 10:07:13.269  5866  5866 I SmApplication: onCreate s
07-10 10:07:13.269  5866  5866 I SmApplication: current process is com.samsung.android.lool
07-10 10:07:13.269  5866  5866 I SmApplication: initializeApplication
07-10 10:07:13.285  5866  5866 I DMT-StubUpdateUtils: current : 1388201000, market : 0
07-10 10:07:13.287  5866  5866 I DMT-StubUpdateUtils: current : 732405110, market : 0
07-10 10:07:13.290  5866  5866 I SamsungAnalytics605079: Tracker start:6.05.079
07-10 10:07:13.295  5866  5866 I DIAGMON_SDK[605079]: DiagMonAgent type: 2
07-10 10:07:13.296  5866  5866 I DIAGMON_SDK[605079][dc60qlc6ri] : generated SR object
07-10 10:07:13.297  5866  5866 I SmApplication: current process is com.samsung.android.lool
07-10 10:07:13.300  1468  2321 I GenerationRegistry: mBackingStore.isClosed() : false
07-10 10:07:13.305  5866  5866 W ContextImpl: Calling a method in the system process without a qualified user: android.app.ContextImpl.startService:1926 android.content.ContextWrapper.startService:834 com.samsung.android.sm.common.SmApplication.onCreate:120 android.app.Instrumentation.callApplicationOnCreate:1277 android.app.ActivityThread.handleBindApplication:7667 
07-10 10:07:13.311  5866  5866 I SmApplication: onCreate e
07-10 10:07:13.314  5866  5866 W SmApplication: onTrimMemory : 10
07-10 10:07:13.315  5866  5866 I SB_Receiver: action : com.samsung.android.sm.security.service.ACTION_SERVICE_STATUS_CHANGED
07-10 10:07:13.315  5866  5866 W ContextImpl: Calling a method in the system process without a qualified user: android.app.ContextImpl.startService:1926 android.content.ContextWrapper.startService:834 android.content.ContextWrapper.startService:834 com.samsung.android.sm.security.model.trigger.SecurityBridgeReceiver.onReceive:77 android.app.ActivityThread.handleReceiver:4909 
07-10 10:07:13.325  5866  5904 I RegistryService: Received action com.samsung.android.sm.external.service.action.REGISTER_SERVICE
07-10 10:07:13.325  5866  5904 I CapsuleProvider_1.1.3: releasing initialize wait lock.
07-10 10:07:13.326  5866  5904 I Sbixby_1.1.3: initialized
07-10 10:07:13.328  5866  5904 I Routine@Sdk[3.1.23]: RoutineSdkImpl: setHandler - conditionHandler=yh.a@a9b6ccd, actionHandler=wh.a@2e1f982
07-10 10:07:13.333  5866  5906 I SecurityBridgeService: action : com.samsung.android.sm.security.ACTION_SECURITY_PROVIDER_CALL
07-10 10:07:13.340  5866  5906 W ContextImpl: Calling a method in the system process without a qualified user: android.app.ContextImpl.startService:1926 android.content.ContextWrapper.startService:834 com.samsung.android.sm.security.model.trigger.SecurityBridgeProvider.call:374 android.content.ContentProvider.call:2582 android.content.ContentProvider$Transport.call:530 
07-10 10:07:13.346  5866  5907 I SB_Processor: action : com.samsung.android.sm.security.service.ACTION_SERVICE_STATUS_CHANGED
07-10 10:07:13.346  5866  5907 I SB_BgScanServiceCompleted : name : background_update, status  : completed
07-10 10:07:13.353  5866  5866 W SmApplication: onTrimMemory : 60
07-10 10:07:13.358  5866  5866 I DC.AppIconCache: clear icon cache
07-10 10:07:13.640  1735  1735 W bfmd    : Already started: bfmd@af036bb
07-10 10:07:13.685  1468  3875 D SyncManager: userId - 0 auto - true
07-10 10:07:13.738  1468  2041 D SyncManager: userId - 0 auto - true
07-10 10:07:13.780  1735  5882 W baqp    : Job(ItemListsService:stopItemList#0.789) Attempting to unregister unknown list: itemlist-ViewType(96)-33
07-10 10:07:13.801  1468  2041 D SyncManager: userId - 0 auto - true
07-10 10:07:13.855  1468  2041 D SyncManager: userId - 0 auto - true
07-10 10:07:13.891  1735  5883 W baqp    : Job(ItemListsService:stopItemList#0.795) Attempting to unregister unknown list: itemlist-ViewType(97)-34
07-10 10:07:13.905  1468  3875 D SyncManager: userId - 0 auto - true
07-10 10:07:13.951  1468  3875 D SyncManager: userId - 0 auto - true
07-10 10:07:13.988  1735  5882 W baqp    : Job(ItemListsService:stopItemList#0.801) Attempting to unregister unknown list: itemlist-ViewType(98)-35
07-10 10:07:13.996  1468  2321 D SyncManager: userId - 0 auto - true
07-10 10:07:14.027  1468  2041 D SyncManager: userId - 0 auto - true
07-10 10:07:14.043  1735  5880 W baqp    : Job(ItemListsService:stopItemList#0.807) Attempting to unregister unknown list: itemlist-ViewType(99)-36
07-10 10:07:14.138  1244  9241 I CameraService: onUidStateChanged: uid=10234, procState is changed. (16 -> 10)
07-10 10:07:14.144  1735  1735 W prs     : [Gmail] MailSyncAdapterService: MailSyncAdapterService is destroyed! [CONTEXT android_log_tag="MailSyncAdapterService" ]
07-10 10:07:14.146 32746  1541 I ForwardSyncCache: reclaimMemory: Clearing caches
07-10 10:07:14.146  1244  9241 I CameraService: onUidStateChanged: uid=10234, procState is changed. (10 -> 16)
07-10 10:07:14.147 32746  1541 W Bugle   : TextClassifierLibManagerImpl: Reclaiming memory at level: 60
07-10 10:07:14.174 11502  4220 W CCTFlatFileLogStore: Excessive logging: 1 events, 180795 bytes from log source ANDROID_GMAIL last 0s
07-10 10:07:14.366   601   601 D io_stats: !@ 179,0 r 2655 109822 w 571 22905 d 0 0 f 0 0 iot 16160 0 th 0 0 0 pt 0 inp 0 0 296769.636
07-10 10:07:14.366   601   601 D io_stats: !@   8,0 r 41966891 849264588 w 7154787 121752268 d 0 0 f 0 0 iot 10093972 0 th 0 0 0 pt 0 inp 0 0 296769.636
07-10 10:07:15.164  1957  1957 D SecPowerUI.Notification: showChargingNotice oldChargingType : 11 / currentChargingType : 11, oldChargingTime : 116000 / mChargingTime : 116000
07-10 10:07:15.165  1957  1957 D SecPowerUI.Notification: There is no change about charging status, so return!
07-10 10:07:16.367   601   601 D io_stats: !@   8,0 r 41966902 849264748 w 7154813 121752488 d 0 0 f 0 0 iot 10093988 0 th 0 0 0 pt 0 inp 0 0 296771.638
07-10 10:07:16.393  3725  3725 I SDHMS:LOAD: type: LoadsFreqs, value: 0:0:0:709539:1469000:650000:709539:1469000:650000:5:260:0
07-10 10:07:17.174  1957  2094 D MobileStatusTracker(0/1): onSignalStrengthsChanged level=4, vendorLevel=3
07-10 10:07:17.178  1957  2094 D MobileSignalController(0/1): notifyListener: enabled=true, connected=true, dataConnected=true, networkType=LTE/LTE_CA (4G+), emergencyOnly=false, roaming=false, isDefault=true, dataActivity=inout, level=3, ca=true, mmWave=false, disabledDataIcon=false, simCard=ETC, sosState=false, satelliteState=0
07-10 10:07:17.178  1957  2094 D NetworkController: SignalStrength from intent slotId=0
07-10 10:07:18.368   601   601 D io_stats: !@   8,0 r 41966904 849264756 w 7154813 121752488 d 0 0 f 0 0 iot 10093992 0 th 0 0 0 pt 0 inp 0 0 296773.639
07-10 10:07:20.339  1129  1129 E sehhealth-service: Could not open /sys/class/power_supply/battery/lrp
07-10 10:07:20.339  1468  2041 D BatteryService: Sending ACTION_BATTERY_CHANGED: level:99, status:2, health:2, ac:false, usb:true, wireless:false, pogo:false, misc:0x0, charge_type:1, charger_type:0, voltage:4184, temperature:305, online:5, current_avg:461, ps:false, hvc:false, capacity:280000, current_event:0x0, current_now:438, mcc:0, mcv:0, cc:4361260, present:true, scale:100, technology:Li-ion
07-10 10:07:20.344  1468  1636 D MotionRecognitionService: [SAR]  onReceive : ACTION_BATTERY_CHANGED, Plugged: 2
07-10 10:07:20.344  1468  1866 I DeviceBatteryInfoService: action: android.intent.action.BATTERY_CHANGED
07-10 10:07:20.344  1468  1866 I DeviceBatteryInfoService: phone battery level: 99
07-10 10:07:20.345  1468  1866 I DeviceBatteryInfoService: phone battery status: 2
07-10 10:07:20.345  1942  1942 D SemBigDataInfoController: Intent: android.intent.action.BATTERY_CHANGED
07-10 10:07:20.346  1468  1468 D PhoneWindowManagerExt: ACTION_BATTERY_CHANGED - Level=99, status=2
07-10 10:07:20.346  1468  1468 D SemWifiApBroadcastReceiver: Received : android.intent.action.BATTERY_CHANGED
07-10 10:07:20.351  1957  1957 D SamsungBatteryMeterDrawable: onBatteryLevelChanged isSomethingChanged: false
07-10 10:07:20.352  1957  1957 D SamsungBatteryMeterDrawable: onBatteryLevelChanged isSomethingChanged: false
07-10 10:07:20.352  1957  1957 D SamsungBatteryMeterDrawable: onBatteryLevelChanged isSomethingChanged: false
07-10 10:07:20.352  1957  1957 D SamsungBatteryMeterDrawable: onBatteryLevelChanged isSomethingChanged: false
07-10 10:07:20.353  1957  1957 D KeyguardUpdateMonitor: received broadcast android.intent.action.BATTERY_CHANGED
07-10 10:07:20.353  1957  1957 I PowerUI : mBootCompleted = true |  mFullyConnected = true
07-10 10:07:20.353  1957  1957 I PowerUI : BATTERY_HEALTH_CHECK extraHealth=2 mBatteryMiscEvent=0
07-10 10:07:20.353  1957  1957 W PowerUI : Plug reason
07-10 10:07:20.353  1957  1957 W PowerUI : Skip charging animation - by plug status
07-10 10:07:20.354  1957  1957 D PowerUI : priorPlugType = 2 mPlugType = 2 priorBatteryStatus = 2 mBatteryStatus = 2
07-10 10:07:20.354  1957  1957 W PowerUI : Plug reason
07-10 10:07:20.354  1957  1957 W PowerUI : Skip charging sound - by plug status
07-10 10:07:20.354  1957  1957 I PowerUI : oldMisalign : false, curMisalign : false
07-10 10:07:20.354  1957  3207 D SecPowerUI.Notification: dismissing low battery warning: level=99
07-10 10:07:20.354  1957  3207 D SecPowerUI.Notification: updateNotification mWarning=false mPlaySound=false
07-10 10:07:20.354  1957  3207 D SecPowerUI.Notification: SecBatteryStatsSnapshot{batteryLevel=99, currentBatteryMode=0, chargingTime=116000, chargingType=11, batteryHealth=2, automaticTestMode=false, isHiccupState=false}
07-10 10:07:20.356  1957  1957 D SecPowerUI.Notification: showChargingNotice oldChargingType : 11 / currentChargingType : 11, oldChargingTime : 116000 / mChargingTime : 116000
07-10 10:07:20.356  1957  3207 D SecPowerUI.Notification: 1. restoreScreenTimeOut - saved_value : :
07-10 10:07:20.356  1957  1957 D SecPowerUI.Notification: There is no change about charging status, so return!
07-10 10:07:20.356  1957  3207 E SecPowerUI.Notification: no saved value, so we do nothing !!
07-10 10:07:20.356  1957  1957 D PowerUI : Battery swelling mode - priorBatterySwellingMode = 0 mBatterySwellingMode = 0 mBatteryStatus = 2
07-10 10:07:20.356  1957  1957 I PowerUI : mBatteryMiscEvent = 0
07-10 10:07:20.358  1957  1957 D KeyguardUpdateMonitor: handleBatteryUpdate
07-10 10:07:20.370   601   601 D io_stats: !@   8,0 r 41966936 849265164 w 7154815 121752492 d 0 0 f 0 0 iot 10094008 0 th 0 0 0 pt 0 inp 0 3 296775.640
07-10 10:07:20.374  1957  1957 I AODBatteryManager: updateBatteryData: ACTION_BATTERY_CHANGED
07-10 10:07:20.376  1957  1957 I AODBatteryManager: saveBatteryData : AOD BatteryData [mBatteryLevel=99, mBatteryStatus=CHARGING, mBatteryPlugType=USB, mBatteryPlugged=true, mRemainingChargeTime=116000, mBatteryChargingType=1, mBatteryChargerType=NORMAL, mBatteryOnline=NOT_DEFINED, mBatterySwellingMode=NONE, mBatteryProtectMode=false]
07-10 10:07:20.420  1468  2321 W ProcessStats: Tracking association SourceState{b7909d0 system/1000 BTopFgs #574757} whose proc state 2 is better than process ProcessState{4970d1d com.tailscale.ipn/10404 pkg=com.tailscale.ipn} proc state 3 (21 skipped)
07-10 10:07:20.530  1957  2094 D MobileStatusTracker(0/1): onSignalStrengthsChanged level=4, vendorLevel=3
07-10 10:07:20.535  1957  2094 D MobileSignalController(0/1): notifyListener: enabled=true, connected=true, dataConnected=true, networkType=LTE/LTE_CA (4G+), emergencyOnly=false, roaming=false, isDefault=true, dataActivity=inout, level=3, ca=true, mmWave=false, disabledDataIcon=false, simCard=ETC, sosState=false, satelliteState=0
07-10 10:07:20.535  1957  2094 D NetworkController: SignalStrength from intent slotId=0
07-10 10:07:22.371   601   601 D io_stats: !@   8,0 r 41967010 849266476 w 7154823 121752540 d 0 0 f 0 0 iot 10094048 0 th 0 0 0 pt 0 inp 0 0 296777.641
07-10 10:07:22.858  3725  4639 I SDHMS:D : SIOP:: AP:380 BAT:305 USB:287 CHG:389 PA:358 WIFI:378 BLK:347 SKIN:382 SKINF:382 SKINB:369 LRP:382 LRF:382 LRB:369 
07-10 10:07:23.979  1957  2094 D MobileStatusTracker(0/1): onSignalStrengthsChanged level=4, vendorLevel=3
07-10 10:07:23.981  1957  2094 D MobileSignalController(0/1): notifyListener: enabled=true, connected=true, dataConnected=true, networkType=LTE/LTE_CA (4G+), emergencyOnly=false, roaming=false, isDefault=true, dataActivity=inout, level=3, ca=true, mmWave=false, disabledDataIcon=false, simCard=ETC, sosState=false, satelliteState=0
07-10 10:07:23.985  1957  2094 D NetworkController: SignalStrength from intent slotId=0
07-10 10:07:24.372   601   601 D io_stats: !@ 179,0 r 2655 109822 w 571 22905 d 0 0 f 0 0 iot 16160 0 th 0 0 0 pt 0 inp 0 0 296779.642
07-10 10:07:24.372   601   601 D io_stats: !@   8,0 r 41967036 849267384 w 7154827 121752564 d 0 0 f 0 0 iot 10094064 0 th 0 0 0 pt 0 inp 0 0 296779.643
07-10 10:07:24.583  1735  2182 I cn_CronetUrlRequestContext: destroyNativeStreamLocked android.net.http.internal.org.chromium.net.impl.CronetBidirectionalStream@12db656
07-10 10:07:25.362  1957  1957 D SecPowerUI.Notification: showChargingNotice oldChargingType : 11 / currentChargingType : 11, oldChargingTime : 116000 / mChargingTime : 116000
07-10 10:07:25.362  1957  1957 D SecPowerUI.Notification: There is no change about charging status, so return!
07-10 10:07:26.374   601   601 D io_stats: !@   8,0 r 41967046 849267728 w 7154836 121752604 d 0 0 f 0 0 iot 10094076 0 th 0 0 0 pt 0 inp 0 0 296781.644
07-10 10:07:26.514  3725  3725 I SDHMS:LOAD: type: LoadsFreqs, value: 0:0:0:650000:650000:650000:650000:650000:650000:0:0:0
07-10 10:07:29.271  1468  1499 D CompatibilityChangeReporter: Compat change id reported: 135634846; UID 10211; state: DISABLED
07-10 10:07:29.271  1468  1499 D CompatibilityChangeReporter: Compat change id reported: 177438394; UID 10211; state: DISABLED
07-10 10:07:29.272  1468  1499 D CompatibilityChangeReporter: Compat change id reported: 135772972; UID 10211; state: DISABLED
07-10 10:07:29.272  1468  1499 D CompatibilityChangeReporter: Compat change id reported: 135754954; UID 10211; state: ENABLED
07-10 10:07:29.274  1468  1500 D CompatibilityChangeReporter: Compat change id reported: 143937733; UID 10211; state: ENABLED
07-10 10:07:29.307  1101  1101 D Zygote  : Forked child process 5912
07-10 10:07:29.309  1468  1500 I ActivityManager: Start proc 5912:com.google.android.apps.turbo/u0a211 for broadcast {com.google.android.apps.turbo/com.google.android.apps.turbo.nudges.broadcasts.BatteryStatusChangedReceiver}
07-10 10:07:29.345  5912  5912 I roid.apps.turbo: Using generational CollectorTypeCC GC.
07-10 10:07:29.361  5912  5912 D nativeloader: Load libframework-connectivity-tiramisu-jni.so using APEX ns com_android_tethering for caller /apex/com.android.tethering/javalib/framework-connectivity-t.jar: ok
07-10 10:07:29.364  5912  5912 D ActivityThread: setConscryptValidator
07-10 10:07:29.364  5912  5912 D ActivityThread: setConscryptValidator - put
07-10 10:07:29.368  1468  3875 D CompatibilityChangeReporter: Compat change id reported: 168419799; UID 10211; state: DISABLED
07-10 10:07:29.370  1468  3875 I ActivityManager: DSS OFF for com.google.android.apps.turbo
07-10 10:07:29.389  5912  5912 D CompatibilityChangeReporter: Compat change id reported: 171979766; UID 10211; state: ENABLED
07-10 10:07:29.407  5912  5912 D nativeloader: Configuring clns-shared-4 for other apk /system/framework/org.apache.http.legacy.jar. target_sdk_version=33, uses_libraries=ALL, library_path=/product/priv-app/Turbo/lib/arm64:/product/priv-app/Turbo/Turbo.apk!/lib/arm64-v8a:/system/lib64:/system/system_ext/lib64, permitted_path=/data:/mnt/expand:/data/user/0/com.google.android.apps.turbo:/product/priv-app/Turbo:/system/lib64:/system/system_ext/lib64
07-10 10:07:29.407  5912  5912 D nativeloader: Extending system_exposed_libraries: libsmpsft.smps.samsung.so:libSDKRecognitionOCR.spenocr.samsung.so:libSDKMoireDetector.spenocr.samsung.so:libtensorflowlite_c.spenocr.samsung.so:libBestComposition.polarr.so:libTracking.polarr.so:libFeature.polarr.so:libaudiomirroring_jni.audiomirroring.samsung.so:libteecl.teegris.samsung.so:lib.engmodejni.samsung.so:libSDKRecognitionText.spensdk.samsung.so:lib_vnd_client.dk.samsung.so:lib_native_client.dk.samsung.so:lib_nativeJni.dk.samsung.so:libSEF.quram.so:libimagecodec.quram.so:libagifencoder.quram.so:libneural.snap.samsung.so:libsnap_aidl.snap.samsung.so:libface_landmark.arcsoft.so:libFacialStickerEngine.arcsoft.so:liblow_light_hdr.arcsoft.so:libhigh_dynamic_range.arcsoft.so:libheifcapture_jni.media.samsung.so:libjpegsq.media.samsung.so:libslljpeg.media.samsung.so:libsemimagecrop_jni.media.samsung.so:libsimba.media.samsung.so:libapex_jni.media.samsung.so:libvesgraphicframework.videoeditor.samsung.so:libvesinterface.videoeditor.samsung.so:libvesframework.videoeditor.sa
07-10 10:07:29.414  5912  5912 D nativeloader: Configuring clns-shared-5 for other apk /system_ext/framework/androidx.window.extensions.jar. target_sdk_version=33, uses_libraries=ALL, library_path=/product/priv-app/Turbo/lib/arm64:/product/priv-app/Turbo/Turbo.apk!/lib/arm64-v8a:/system/lib64:/system/system_ext/lib64, permitted_path=/data:/mnt/expand:/data/user/0/com.google.android.apps.turbo:/product/priv-app/Turbo:/system/lib64:/system/system_ext/lib64
07-10 10:07:29.414  5912  5912 D nativeloader: Extending system_exposed_libraries: libsmpsft.smps.samsung.so:libSDKRecognitionOCR.spenocr.samsung.so:libSDKMoireDetector.spenocr.samsung.so:libtensorflowlite_c.spenocr.samsung.so:libBestComposition.polarr.so:libTracking.polarr.so:libFeature.polarr.so:libaudiomirroring_jni.audiomirroring.samsung.so:libteecl.teegris.samsung.so:lib.engmodejni.samsung.so:libSDKRecognitionText.spensdk.samsung.so:lib_vnd_client.dk.samsung.so:lib_native_client.dk.samsung.so:lib_nativeJni.dk.samsung.so:libSEF.quram.so:libimagecodec.quram.so:libagifencoder.quram.so:libneural.snap.samsung.so:libsnap_aidl.snap.samsung.so:libface_landmark.arcsoft.so:libFacialStickerEngine.arcsoft.so:liblow_light_hdr.arcsoft.so:libhigh_dynamic_range.arcsoft.so:libheifcapture_jni.media.samsung.so:libjpegsq.media.samsung.so:libslljpeg.media.samsung.so:libsemimagecrop_jni.media.samsung.so:libsimba.media.samsung.so:libapex_jni.media.samsung.so:libvesgraphicframework.videoeditor.samsung.so:libvesinterface.videoeditor.samsung.so:libvesframework.videoeditor.sa
07-10 10:07:29.440  5912  5912 D nativeloader: Configuring clns-shared-6 for other apk /product/priv-app/Turbo/Turbo.apk. target_sdk_version=33, uses_libraries=, library_path=/product/priv-app/Turbo/lib/arm64:/product/priv-app/Turbo/Turbo.apk!/lib/arm64-v8a:/system/lib64:/system/system_ext/lib64, permitted_path=/data:/mnt/expand:/data/user/0/com.google.android.apps.turbo:/product/priv-app/Turbo:/system/lib64:/system/system_ext/lib64
07-10 10:07:29.456  5912  5912 D nativeloader: Load libframework-connectivity-jni.so using APEX ns com_android_tethering for caller /apex/com.android.tethering/javalib/framework-connectivity.jar: ok
07-10 10:07:29.461  5912  5912 V GraphicsEnvironment: ANGLE Developer option for 'com.google.android.apps.turbo' set to: 'default'
07-10 10:07:29.461  5912  5912 V GraphicsEnvironment: ANGLE GameManagerService for com.google.android.apps.turbo: false
07-10 10:07:29.462  5912  5912 V GraphicsEnvironment: Neither updatable production driver nor prerelease driver is supported.
07-10 10:07:29.466  5912  5912 D NetworkSecurityConfig: No Network Security Config specified, using platform default
07-10 10:07:29.473  5912  5912 D NetworkSecurityConfig: No Network Security Config specified, using platform default
07-10 10:07:29.513  1957  2094 D MobileStatusTracker(0/1): onSignalStrengthsChanged level=4, vendorLevel=3
07-10 10:07:29.516  1957  2094 D MobileSignalController(0/1): notifyListener: enabled=true, connected=true, dataConnected=true, networkType=LTE/LTE_CA (4G+), emergencyOnly=false, roaming=false, isDefault=true, dataActivity=inout, level=3, ca=true, mmWave=false, disabledDataIcon=false, simCard=ETC, sosState=false, satelliteState=0
07-10 10:07:29.517  1957  2094 D NetworkController: SignalStrength from intent slotId=0
07-10 10:07:29.522  5912  5925 D CompatibilityChangeReporter: Compat change id reported: 183155436; UID 10211; state: ENABLED
07-10 10:07:30.376   601   601 D io_stats: !@   8,0 r 41967301 849278412 w 7154836 121752604 d 0 0 f 0 0 iot 10094176 0 th 0 0 0 pt 0 inp 0 0 296785.647
07-10 10:07:30.450  1468  3875 W ProcessStats: Tracking association SourceState{b7909d0 system/1000 BTopFgs #574765} whose proc state 2 is better than process ProcessState{4970d1d com.tailscale.ipn/10404 pkg=com.tailscale.ipn} proc state 3 (4 skipped)
07-10 10:07:30.451 11502 11502 D BoundBrokerSvc: onUnbind: Intent { act=com.google.android.gms.libs.gmscorelogger.service.START dat=chimera-action:/... cmp=com.google.android.gms/.chimera.PersistentDirectBootAwareApiService }
07-10 10:07:30.518  1468  3875 D BatteryService: Sending ACTION_BATTERY_CHANGED: level:100, status:2, health:2, ac:false, usb:true, wireless:false, pogo:false, misc:0x0, charge_type:1, charger_type:0, voltage:4183, temperature:305, online:5, current_avg:453, ps:false, hvc:false, capacity:280000, current_event:0x0, current_now:455, mcc:0, mcv:0, cc:4361260, present:true, scale:100, technology:Li-ion
07-10 10:07:30.518  1129  1129 E sehhealth-service: Could not open /sys/class/power_supply/battery/lrp
07-10 10:07:30.524  1468  1636 D MotionRecognitionService: [SAR]  onReceive : ACTION_BATTERY_CHANGED, Plugged: 2
07-10 10:07:30.524  1468  1866 I DeviceBatteryInfoService: action: android.intent.action.BATTERY_CHANGED
07-10 10:07:30.524  1468  1866 I DeviceBatteryInfoService: phone battery level: 100
07-10 10:07:30.524  1468  1866 I DeviceBatteryInfoService: phone battery status: 2
07-10 10:07:30.525  1468  1866 D DeviceBatteryInfoService: setBatteryStatus : 2
07-10 10:07:30.525  1468  1468 D PhoneWindowManagerExt: ACTION_BATTERY_CHANGED - Level=100, status=2
07-10 10:07:30.529  1957  1957 D SamsungBatteryMeterDrawable: onBatteryLevelChanged isSomethingChanged: true
07-10 10:07:30.530  1957  1957 D SamsungBatteryMeterDrawable: onBatteryLevelChanged isSomethingChanged: true
07-10 10:07:30.530  1957  1957 D SamsungBatteryMeterDrawable: onBatteryLevelChanged isSomethingChanged: true
07-10 10:07:30.530  1957  1957 D SamsungBatteryMeterDrawable: onBatteryLevelChanged isSomethingChanged: true
07-10 10:07:30.532  1957  1957 D KeyguardUpdateMonitor: received broadcast android.intent.action.BATTERY_CHANGED
07-10 10:07:30.532  1957  1957 I PowerUI : mBootCompleted = true |  mFullyConnected = true
07-10 10:07:30.532  1957  1957 I PowerUI : BATTERY_HEALTH_CHECK extraHealth=2 mBatteryMiscEvent=0
07-10 10:07:30.534  1468  1468 D SemWifiApBroadcastReceiver: Received : android.intent.action.BATTERY_CHANGED
07-10 10:07:30.534  1942  1942 D SemBigDataInfoController: Intent: android.intent.action.BATTERY_CHANGED
07-10 10:07:30.536  1957  3391 D SecPowerUI.Notification: dismissing low battery warning: level=100
07-10 10:07:30.537  1957  3391 D SecPowerUI.Notification: updateNotification mWarning=false mPlaySound=false
07-10 10:07:30.537  1957  3391 D SecPowerUI.Notification: SecBatteryStatsSnapshot{batteryLevel=100, currentBatteryMode=0, chargingTime=116000, chargingType=11, batteryHealth=2, automaticTestMode=false, isHiccupState=false}
07-10 10:07:30.540  1957  3391 D SecPowerUI.Notification: 1. restoreScreenTimeOut - saved_value : :
07-10 10:07:30.540  1957  3391 E SecPowerUI.Notification: no saved value, so we do nothing !!
07-10 10:07:30.541  1957  1957 W PowerUI : Plug reason
07-10 10:07:30.541  1957  1957 W PowerUI : Skip charging animation - by plug status
07-10 10:07:30.542  1957  1957 D PowerUI : priorPlugType = 2 mPlugType = 2 priorBatteryStatus = 2 mBatteryStatus = 2
07-10 10:07:30.542  1957  1957 W PowerUI : Plug reason
07-10 10:07:30.542  1957  1957 W PowerUI : Skip charging sound - by plug status
07-10 10:07:30.542  1957  1957 I PowerUI : oldMisalign : false, curMisalign : false
07-10 10:07:30.549  1957  1957 D SecPowerUI.Notification: showChargingNotice oldChargingType : 11 / currentChargingType : 11, oldChargingTime : 116000 / mChargingTime : -1
07-10 10:07:30.549  1957  1957 D SecPowerUI.Notification: showChargingNotification()
07-10 10:07:30.549  1957  1957 D SecPowerUI.Notification: SecBatteryStatsSnapshot{batteryLevel=100, currentBatteryMode=0, chargingTime=-1, chargingType=11, batteryHealth=2, automaticTestMode=false, isHiccupState=false}
07-10 10:07:30.558  1957  1957 I NotificationManager: com.android.systemui: notify(2131429007, charging_state, Notification(channel=CHR shortcut=null contentView=null vibrate=null sound=null defaults=0x0 flags=0xa color=0xff5075a1 category=sys groupKey=CHARGING vis=PUBLIC semFlags=0x0 semPriority=0 semMissedCount=0)) as user
07-10 10:07:30.572  1957  1957 D PowerUI : Battery swelling mode - priorBatterySwellingMode = 0 mBatterySwellingMode = 0 mBatteryStatus = 2
07-10 10:07:30.572  1957  1957 I PowerUI : mBatteryMiscEvent = 0
07-10 10:07:30.586  1957  1957 V QsExpandAnimator: setQsExpansionPosition 0.0
07-10 10:07:30.607  1957  1957 D KeyguardUpdateMonitor: handleBatteryUpdate
07-10 10:07:30.618  1957  1957 D KeyguardSecIndicationPolicy:  add T Event pos = DEFAULT, type =              BATTERY, id = 10649, text =   100%, duration = 3000
07-10 10:07:30.618  1957  1957 D KeyguardSecIndicationController: onIndicationChanged() return - keyguard is not visible, pos = DEFAULT, item = [id=10649|ty=BATTERY|pr=40|txt=  100%|ti=duration=3000|an=false]
07-10 10:07:30.619  1957  1957 D KeyguardSecIndicationPolicy: update Event pos = DEFAULT, type =      BATTERY_RESTING, id = 10650, text =   100%
07-10 10:07:30.621  1957  1957 D KeyguardSecIndicationController: addBatteryAndOwnerInfoIndication() battery status = BatteryStatus{status=2,level=100,plugged=2,health=2,maxChargingWattage=-1,remaining=-1ultraFastCharger=0}
07-10 10:07:30.621  1957  1957 I AODBatteryManager: updateBatteryData: ACTION_BATTERY_CHANGED
07-10 10:07:30.626  1957  1957 I AODBatteryManager: saveBatteryData : AOD BatteryData [mBatteryLevel=100, mBatteryStatus=CHARGING, mBatteryPlugType=USB, mBatteryPlugged=true, mRemainingChargeTime=-1, mBatteryChargingType=1, mBatteryChargerType=NORMAL, mBatteryOnline=NOT_DEFINED, mBatterySwellingMode=NONE, mBatteryProtectMode=false]
07-10 10:07:30.626  1957  1957 I ChargingInfoManager: updateChargingInfo: newState = AOD ChargingInfo [mState=BATTERY_AND_REMAIN_TIME, mIsCharging=true, mIsFullyCharged=false, mIsBatteryProtectMode=false], oldState = AOD ChargingInfo [mState=BATTERY_AND_REMAIN_TIME, mIsCharging=true, mIsFullyCharged=false, mIsBatteryProtectMode=false]
07-10 10:07:30.724  3725  3725 E SDHMS:SDHMS_UTIL_IO: e = /sys/class/power_supply/battery/chg_type: open failed: ENOENT (No such file or directory)
07-10 10:07:30.793  1957  1957 D InterruptionStateProvider: Group alert behavior is suppressed but we want to alert bubble
07-10 10:07:30.798  2465  2465 I Launcher.NotificationListener: onNotificationPosted : com.android.systemui number : 0
07-10 10:07:30.799  9571  9571 I Edge.badge: updateBadge item = com.android.systemui:-1 1
07-10 10:07:30.997  1957  1957 D BubblesManager: onEntryUpdated : shouldBubbleUp=false ,key=-1|com.android.systemui|2131429007|charging_state|10054
07-10 10:07:30.999  1957  1957 D InterruptionStateProvider:  no Heads up : edgelighting enabled app. -1|com.android.systemui|2131429007|charging_state|10054
07-10 10:07:32.378   601   601 D io_stats: !@   8,0 r 41967661 849284084 w 7155374 121786288 d 0 0 f 0 0 iot 10094364 0 th 0 0 0 pt 0 inp 0 0 296787.648
07-10 10:07:32.858  3725  4639 I SDHMS:D : SIOP:: AP:377 BAT:305 USB:287 CHG:387 PA:358 WIFI:375 BLK:347 SKIN:382 SKINF:382 SKINB:367 LRP:382 LRF:382 LRB:367 
07-10 10:07:32.861  1468  1523 D BatteryExternalStatsWorker: update stats : wakelock-change (1)
07-10 10:07:33.022  1468  1523 D BatteryExternalStatsWorker: Update CPU state
07-10 10:07:33.022  1468  1523 D BatteryExternalStatsWorker: mStats lock released
07-10 10:07:33.022  1468  1523 D BatteryExternalStatsWorker: done updateExternalStatsLocked
07-10 10:07:33.026  1468  1523 D KernelCpuUidUserSysTimeReader: Removing uids 99237-99237
07-10 10:07:33.032  1468  1523 D KernelCpuUidUserSysTimeReader: Removing uids 10442-10442
07-10 10:07:33.047  1957  2094 D MobileStatusTracker(0/1): onSignalStrengthsChanged level=4, vendorLevel=3
07-10 10:07:33.051  1957  2094 D MobileSignalController(0/1): notifyListener: enabled=true, connected=true, dataConnected=true, networkType=LTE/LTE_CA (4G+), emergencyOnly=false, roaming=false, isDefault=true, dataActivity=inout, level=3, ca=true, mmWave=false, disabledDataIcon=false, simCard=ETC, sosState=false, satelliteState=0
07-10 10:07:33.058  1957  2094 D NetworkController: SignalStrength from intent slotId=0
07-10 10:07:33.204  1468  1495 E Watchdog: !@Sync: 9882 heap: 101 / 109 FD: 1084 [2026-07-10 10:07:33.203]
07-10 10:07:33.620  1957  1957 D KeyguardSecIndicationPolicy:  remove Item pos = DEFAULT                             , id = 10649, 
07-10 10:07:33.621  1957  1957 D KeyguardSecIndicationController: onIndicationChanged() return - keyguard is not visible, skip ownerInfo
07-10 10:07:34.379   601   601 D io_stats: !@ 179,0 r 2655 109822 w 571 22905 d 0 0 f 0 0 iot 16160 0 th 0 0 0 pt 0 inp 0 0 296789.649
07-10 10:07:34.380   601   601 D io_stats: !@   8,0 r 41967691 849284832 w 7155374 121786288 d 0 0 f 0 0 iot 10094376 0 th 0 0 0 pt 0 inp 0 0 296789.650
07-10 10:07:35.578  1957  1957 D SecPowerUI.Notification: showChargingNotice oldChargingType : 11 / currentChargingType : 11, oldChargingTime : -1 / mChargingTime : -1
07-10 10:07:35.578  1957  1957 D SecPowerUI.Notification: There is no change about charging status, so return!
07-10 10:07:36.531  1468  3875 D CompatibilityChangeReporter: Compat change id reported: 161145287; UID 10211; state: DISABLED
07-10 10:07:36.640  3725  3725 I SDHMS:LOAD: type: LoadsFreqs, value: 0:0:0:668719:1066000:650000:670799:1066000:650000:0:0:0
07-10 10:07:38.382   601   601 D io_stats: !@   8,0 r 41967754 849285704 w 7155383 121786376 d 0 0 f 0 0 iot 10094396 0 th 0 0 0 pt 0 inp 0 0 296793.652
07-10 10:07:40.069  5662  5676 I Finsky:background: [473] Stats for Executor: bgExecutor wij@9969759[Running, pool size = 4, active threads = 0, queued tasks = 0, completed tasks = 86]
07-10 10:07:40.082  5662  5676 I Finsky:background: [473] Stats for Executor: LightweightExecutor wij@aeddb77[Running, pool size = 4, active threads = 0, queued tasks = 0, completed tasks = 8]
07-10 10:07:40.130  5662  5676 I Finsky:background: [473] Stats for Executor: BlockingExecutor wij@96d3a35[Running, pool size = 1, active threads = 0, queued tasks = 0, completed tasks = 1]
07-10 10:07:40.497  5662  5733 I PlayCommon: [509] Preparing logs for uploading
07-10 10:07:40.509  1468  1508 W libprocessgroup: Failed to open /dev/blkio//cgroup.procs: No such file or directory
07-10 10:07:40.514  5866  5866 W SmApplication: onTrimMemory : 80
07-10 10:07:40.514  5866  5866 I DC.AppIconCache: clear icon cache
07-10 10:07:40.515  1468  3875 W ProcessStats: Tracking association SourceState{b7909d0 system/1000 BTopFgs #574772} whose proc state 2 is better than process ProcessState{4970d1d com.tailscale.ipn/10404 pkg=com.tailscale.ipn} proc state 3 (3 skipped)
07-10 10:07:40.531  5662  5733 I PlayCommon: [509] Connecting to server for timestamp: https://play.googleapis.com/play/log/timestamp
07-10 10:07:40.542  1468  1872 D NetdEventListenerService: DNS Requested by : 101, 10218
07-10 10:07:40.580  5735  5757 I Finsky:quick_launch: [473] Stats for Executor: bgExecutor wij@87ab0a3[Running, pool size = 4, active threads = 0, queued tasks = 0, completed tasks = 4]
07-10 10:07:40.589  5735  5757 I Finsky:quick_launch: [473] Stats for Executor: LightweightExecutor wij@fc47976[Running, pool size = 4, active threads = 0, queued tasks = 0, completed tasks = 4]
07-10 10:07:40.689  1129  1129 E sehhealth-service: Could not open /sys/class/power_supply/battery/lrp
07-10 10:07:40.689  1468  3875 D BatteryService: Sending ACTION_BATTERY_CHANGED: level:100, status:2, health:2, ac:false, usb:true, wireless:false, pogo:false, misc:0x0, charge_type:1, charger_type:0, voltage:4184, temperature:306, online:5, current_avg:446, ps:false, hvc:false, capacity:280000, current_event:0x0, current_now:453, mcc:0, mcv:0, cc:4370000, present:true, scale:100, technology:Li-ion
07-10 10:07:40.692  1468  1636 D MotionRecognitionService: [SAR]  onReceive : ACTION_BATTERY_CHANGED, Plugged: 2
07-10 10:07:40.693  1468  1468 D PhoneWindowManagerExt: ACTION_BATTERY_CHANGED - Level=100, status=2
07-10 10:07:40.697  1468  1866 I DeviceBatteryInfoService: action: android.intent.action.BATTERY_CHANGED
07-10 10:07:40.697  1468  1866 I DeviceBatteryInfoService: phone battery level: 100
07-10 10:07:40.697  1468  1866 I DeviceBatteryInfoService: phone battery status: 2
07-10 10:07:40.701  1468  1468 D SemWifiApBroadcastReceiver: Received : android.intent.action.BATTERY_CHANGED
07-10 10:07:40.704  1942  1942 D SemBigDataInfoController: Intent: android.intent.action.BATTERY_CHANGED
07-10 10:07:40.705  1957  1957 D SamsungBatteryMeterDrawable: onBatteryLevelChanged isSomethingChanged: false
07-10 10:07:40.706  1957  1957 D SamsungBatteryMeterDrawable: onBatteryLevelChanged isSomethingChanged: false
07-10 10:07:40.706  1957  1957 D SamsungBatteryMeterDrawable: onBatteryLevelChanged isSomethingChanged: false
07-10 10:07:40.707  1957  1957 D SamsungBatteryMeterDrawable: onBatteryLevelChanged isSomethingChanged: false
07-10 10:07:40.707  1957  1957 D KeyguardUpdateMonitor: received broadcast android.intent.action.BATTERY_CHANGED
07-10 10:07:40.707  1957  1957 I PowerUI : mBootCompleted = true |  mFullyConnected = true
07-10 10:07:40.708  1957  1957 I PowerUI : BATTERY_HEALTH_CHECK extraHealth=2 mBatteryMiscEvent=0
07-10 10:07:40.708  1957  1957 W PowerUI : Plug reason
07-10 10:07:40.708  1957  1957 W PowerUI : Skip charging animation - by plug status
07-10 10:07:40.708  1957  3403 D SecPowerUI.Notification: dismissing low battery warning: level=100
07-10 10:07:40.709  1957  3403 D SecPowerUI.Notification: updateNotification mWarning=false mPlaySound=false
07-10 10:07:40.709  1957  3403 D SecPowerUI.Notification: SecBatteryStatsSnapshot{batteryLevel=100, currentBatteryMode=0, chargingTime=-1, chargingType=11, batteryHealth=2, automaticTestMode=false, isHiccupState=false}
07-10 10:07:40.709  1957  1957 D PowerUI : priorPlugType = 2 mPlugType = 2 priorBatteryStatus = 2 mBatteryStatus = 2
07-10 10:07:40.709  1957  1957 W PowerUI : Plug reason
07-10 10:07:40.709  1957  1957 W PowerUI : Skip charging sound - by plug status
07-10 10:07:40.709  1957  1957 I PowerUI : oldMisalign : false, curMisalign : false
07-10 10:07:40.712  1957  3403 D SecPowerUI.Notification: 1. restoreScreenTimeOut - saved_value : :
07-10 10:07:40.712  1957  3403 E SecPowerUI.Notification: no saved value, so we do nothing !!
