07-10 10:08:01.556  5958  6019 E msys    : E[N WA]WAJMNSStreamImplCreate(421)=>[LogLevel:I] WAJMNSStream/impl/create/p=0x770cf01d00 (mnsConn=0x770cfe4b80)
07-10 10:08:01.556  5958  6019 E msys    : E[N WA]_WAJMNSStreamCreateMnsIpsFromIpAddressStrings(87)=>[LogLevel:I] no ip addresses provided, using DNS resolution
07-10 10:08:01.559  5958  6019 E msys    : E[N WA]WAJMNSStreamImplConnect(450)=>[LogLevel:I] WAJMNSStream/impl/connect/p=0x770cf01d00 (endpoint=g.whatsapp.net:5222)(ipAddressCount=0)
07-10 10:08:01.559  5958  6019 E msys    : E[N WA]_WAJMNSStreamImplUpdateStreamState(230)=>[LogLevel:I] WAJMNSStream/impl/state-changed/p=0x770cf01d00 (initial=>connecting)
07-10 10:08:01.561  5958  5958 D WM-SystemJobService: onStartJob for WorkGenerationalId(workSpecId=502fda08-45bc-4844-88dc-438a61a3cdd0, generation=0)
07-10 10:08:01.561  1468  3832 E MARsVersionManager: Package name: com.sec.android.app.shealth cannot be found.android.content.pm.PackageManager$NameNotFoundException: com.sec.android.app.shealth
07-10 10:08:01.565  1957  1995 D SecFgsManagerControllerImpl: updateUiControl[com.whatsapp]: -1
07-10 10:08:01.576  1957  1995 D SecFgsManagerControllerImpl: updateNumberOfVisibleRunningPackagesLocked: 3
07-10 10:08:01.580  5958  6047 D WM-Processor: GNw: processing WorkGenerationalId(workSpecId=502fda08-45bc-4844-88dc-438a61a3cdd0, generation=0)
07-10 10:08:01.582  5958  6041 W SoLoader: SoLoader already initialized
07-10 10:08:01.583  5958  6047 D WM-ConstraintTracker: GO2: initial state = NetworkState(isConnected=true, isValidated=true, isMetered=true, isNotRoaming=true)
07-10 10:08:01.583  5958  6047 D WM-NetworkStateTracker: Registering network callback
07-10 10:08:01.586  5958  6041 D nativeloader: Load /data/data/com.whatsapp/files/decompressed/libs.spo/libfbsocketthreadlocalscope.so using class loader ns clns-6 (caller=/data/app/~~_quhtLSBa2rDi7LQoqk-5Q==/com.whatsapp-9sChrUY0PoGQEkCQzSsqjg==/base.apk): ok
07-10 10:08:01.592  5958  6041 D nativeloader: Load /data/data/com.whatsapp/files/decompressed/libs.spo/libfb_sqlite_3500300.so using class loader ns clns-6 (caller=/data/app/~~_quhtLSBa2rDi7LQoqk-5Q==/com.whatsapp-9sChrUY0PoGQEkCQzSsqjg==/base.apk): ok
07-10 10:08:01.593  5958  6047 D ConnectivityManager: StackLog: [android.net.ConnectivityManager.sendRequestForNetwork(ConnectivityManager.java:4744)] [android.net.ConnectivityManager.registerDefaultNetworkCallbackForUid(ConnectivityManager.java:5469)] [android.net.ConnectivityManager.registerDefaultNetworkCallback(ConnectivityManager.java:5436)] [android.net.ConnectivityManager.registerDefaultNetworkCallback(ConnectivityManager.java:5410)] [X.GO2.A03(:20)] [X.JCJ.invokeSuspend(:300)] [X.JCJ.invoke(:13)] [X.3Un.A00(:2)] [X.1xh.A00(:58)] [X.3T7.invokeSuspend(:1571)] [X.0Ze.resumeWith(:8)] [X.0aC.run(:89)] [X.GLC.run(:2)] [java.util.concurrent.ThreadPoolExecutor.runWorker(ThreadPoolExecutor.java:1100)] [java.util.concurrent.ThreadPoolExecutor$Worker.run(ThreadPoolExecutor.java:624)] [java.lang.Thread.run(Thread.java:1572)]
07-10 10:08:01.595  1468  3832 D ConnectivityService: requestNetwork for uid/pid:10297/5958 activeRequest: null callbackRequest: 13082 [NetworkRequest [ REQUEST id=13083, [ Capabilities: INTERNET&NOT_RESTRICTED&TRUSTED&NOT_VCN_MANAGED Uid: 10297 RequestorUid: 10297 RequestorPkg: com.whatsapp UnderlyingNetworks: Null] ]] callback flags: 0 order: 2147483647 isUidTracked: false declaredMethods: AVAIL|LOST|NC
07-10 10:08:01.595  2465  2465 I ForegroundServiceUtils: setNumberOfFgs, num : 3
07-10 10:08:01.595  1468  1776 D ConnectivityService:    accepting network in place of null for NetworkRequest [ REQUEST id=13083, [ Capabilities: INTERNET&NOT_RESTRICTED&TRUSTED&NOT_VCN_MANAGED Uid: 10297 RequestorUid: 10297 RequestorPkg: com.whatsapp UnderlyingNetworks: Null] ]
07-10 10:08:01.597  2465  2465 I FgsManager: onNumberOfFgsChanged: number = [3]
07-10 10:08:01.598  1468  1776 D ConnectivityService: Rematched networks [computed 1ms] [applied 0ms] [issued 2]
07-10 10:08:01.598  1468  1776 D ConnectivityService: NetworkReassignment :
07-10 10:08:01.598  1468  1776 D ConnectivityService:   13083 : null → 101
07-10 10:08:01.598  1468  1766 D UntrustedWifiNetworkFactory: got request NetworkRequest [ REQUEST id=13083, [ Capabilities: INTERNET&NOT_RESTRICTED&TRUSTED&NOT_VCN_MANAGED Uid: 10297 RequestorUid: 10297 RequestorPkg: com.whatsapp UnderlyingNetworks: Null] ]
07-10 10:08:01.598  1468  1766 D OemPaidWifiNetworkFactory: got request NetworkRequest [ REQUEST id=13083, [ Capabilities: INTERNET&NOT_RESTRICTED&TRUSTED&NOT_VCN_MANAGED Uid: 10297 RequestorUid: 10297 RequestorPkg: com.whatsapp UnderlyingNetworks: Null] ]
07-10 10:08:01.598  1468  1766 D MultiInternetWifiNetworkFactory: got request NetworkRequest [ REQUEST id=13083, [ Capabilities: INTERNET&NOT_RESTRICTED&TRUSTED&NOT_VCN_MANAGED Uid: 10297 RequestorUid: 10297 RequestorPkg: com.whatsapp UnderlyingNetworks: Null] ]
07-10 10:08:01.600  5958  6068 D WM-NetworkStateTracker: Network capabilities changed: [ Transports: CELLULAR|VPN Capabilities: INTERNET&NOT_RESTRICTED&TRUSTED&VALIDATED&NOT_ROAMING&FOREGROUND&NOT_CONGESTED&NOT_SUSPENDED&NOT_VCN_MANAGED LinkUpBandwidth>=11822Kbps LinkDnBandwidth>=43436Kbps TransportInfo: <VpnTransportInfo{type=1, sessionId=null, bypassable=false longLivedTcpConnectionsExpensive=false}> UnderlyingNetworks: Null]
07-10 10:08:01.602  5958  6041 D nativeloader: Load /data/data/com.whatsapp/files/decompressed/libs.spo/libffsingletonmerged.so using class loader ns clns-6 (caller=/data/app/~~_quhtLSBa2rDi7LQoqk-5Q==/com.whatsapp-9sChrUY0PoGQEkCQzSsqjg==/base.apk): ok
07-10 10:08:01.603  5958  5958 D WM-WorkerWrapper: Starting work for com.whatsapp.xmpp.messaging.XmppLifecycleWorker
07-10 10:08:01.603  5958  6047 D WM-PackageManagerHelper: Skipping component enablement for androidx.work.impl.background.systemalarm.RescheduleReceiver
07-10 10:08:01.604  5958  6047 D WM-GreedyScheduler: Constraints met: Scheduling work ID WorkGenerationalId(workSpecId=502fda08-45bc-4844-88dc-438a61a3cdd0, generation=0)
07-10 10:08:01.605  5958  6047 D WM-Processor: Work WorkGenerationalId(workSpecId=502fda08-45bc-4844-88dc-438a61a3cdd0, generation=0) is already enqueued for processing
07-10 10:08:01.607  5958  6054 E msys    : E[N mns]_OnResolverSuccess(335)=>Cache refresh succeeded with system DNS resolver. IP count: 1
07-10 10:08:01.607  1468  1872 D NetdEventListenerService: DNS Requested by : 101, 10297
07-10 10:08:01.610  1468  3832 I EDMNativeHelperService: isScreenCaptureEnabled
07-10 10:08:01.614  5958  6054 E msys    : E[N WA]_WAJMNSStreamImplOnMNSReady(259)=>[LogLevel:I] WAJMNSStream/impl/callback/onMNSReady/p=0x770cf01d00
07-10 10:08:01.614  5958  6054 E msys    : E[N WA]_WAJMNSStreamImplCreateConnectionReport(194)=>[LogLevel:I] WAJMNSStream/impl/report port=5222, connectedIPVersion=4, resolvedIPAddressCount=1, dnsResolutionStartTimeMS=296816830, dnsResolutionEndTimeMS=296816830, dnsCacheHit=Yes, connectStartTimeMS=296816830, connectEndTimeMS=296816884, proxyConnectStartTimeMS=0, proxyConnectEndTimeMS=0
07-10 10:08:01.614  5958  6054 E msys    : E[N WA]_WAJMNSStreamImplUpdateStreamState(230)=>[LogLevel:I] WAJMNSStream/impl/state-changed/p=0x770cf01d00 (connecting=>connected)
07-10 10:08:01.642  1468  3832 D RestrictionPolicy: isScreenCaptureEnabled : ret=true userId=0
07-10 10:08:01.647   616   616 W keymaster_tee: [WRN]begin req PARAMS: A32 B32 P1 
07-10 10:08:01.650   615  7828 I keystore2: keystore2::security_level: In create_operation. Success to create IKeystoreOperation. 10297, None
07-10 10:08:01.695  3643 20590 W MediaProvider: isAppCloneUserPair for user 0: false
07-10 10:08:01.737  5992  5992 W ProcessState: Extra binder thread started, but 0 threads requested. Do not use *startThreadPool when zero threads are requested.
07-10 10:08:01.738  5958  6066 E msys    : E[N mns:TigonMNS]_OnResolverSuccess(335)=>Cache refresh succeeded with system DNS resolver. IP count: 1
07-10 10:08:01.738  1468  1872 D NetdEventListenerService: DNS Requested by : 101, 10297
07-10 10:08:01.741  1468  3832 D SyncManager: userId - 0 auto - true
07-10 10:08:01.750  1147  1226 W ServiceManager: Permission failure: android.permission.CAPTURE_BLACKOUT_CONTENT from uid=2000 pid=5992
07-10 10:08:01.750  1147  1226 D PermissionCache: checking android.permission.CAPTURE_BLACKOUT_CONTENT for uid=2000 => denied (1193 us)
07-10 10:08:01.767  1468  3832 D CompatibilityChangeReporter: Compat change id reported: 161145287; UID 10216; state: DISABLED
07-10 10:08:01.810  1468  3832 W ProcessStats: Tracking association SourceState{b7909d0 system/1000 BTopFgs #574824} whose proc state 2 is better than process ProcessState{4970d1d com.tailscale.ipn/10404 pkg=com.tailscale.ipn} proc state 3 (14 skipped)
07-10 10:08:01.820   560   560 I hwservicemanager: getTransport: Cannot find entry android.hardware.graphics.mapper@4.0::IMapper/default in either framework or device VINTF manifest.
07-10 10:08:01.821  5992  6080 I Gralloc4: mapper 4.x is not supported
07-10 10:08:01.822   560   560 I hwservicemanager: getTransport: Cannot find entry android.hardware.graphics.mapper@3.0::IMapper/default in either framework or device VINTF manifest.
07-10 10:08:01.822  5992  6080 W Gralloc3: mapper 3.x is not supported
07-10 10:08:01.869  5992  6080 I gralloc : Arm Module v1.0
07-10 10:08:01.878  1468  2321 D CompatibilityChangeReporter: Compat change id reported: 171306433; UID 10297; state: ENABLED
07-10 10:08:01.878  1468  2321 D CompatibilityChangeReporter: Compat change id reported: 226439802; UID 10297; state: DISABLED
07-10 10:08:01.879  1468  2321 D CompatibilityChangeReporter: Compat change id reported: 218533173; UID 10297; state: ENABLED
07-10 10:08:01.880 11502  4220 I NetworkScheduler.Stats: (REDACTED) Task %s/%s started execution. cause:%s exec_start_elapsed_seconds: %s
07-10 10:08:01.933 11502  4220 I NetworkScheduler.Stats: (REDACTED) Task %s/%s finished executing. cause:%s result: %s elapsed_millis: %s uptime_millis: %s exec_start_elapsed_seconds: %s
07-10 10:08:02.008 11502  5955 I NetworkScheduler.Stats: (REDACTED) Task %s/%s started execution. cause:%s exec_start_elapsed_seconds: %s
07-10 10:08:02.061 11502  5955 I NetworkScheduler.Stats: (REDACTED) Task %s/%s started execution. cause:%s exec_start_elapsed_seconds: %s
07-10 10:08:02.078  5871  6254 W ExifInterface: Invalid image: ExifInterface got an unsupported image format file(ExifInterface supports JPEG and some RAW image formats only) or a corrupted JPEG file to ExifInterface.
07-10 10:08:02.078  5871  6254 W ExifInterface: java.io.IOException: Encountered corrupt PNG file.
07-10 10:08:02.078  5871  6254 W ExifInterface: 	at android.media.ExifInterface.getPngAttributes(ExifInterface.java:3461)
07-10 10:08:02.078  5871  6254 W ExifInterface: 	at android.media.ExifInterface.loadAttributes(ExifInterface.java:2026)
07-10 10:08:02.078  5871  6254 W ExifInterface: 	at android.media.ExifInterface.<init>(ExifInterface.java:1641)
07-10 10:08:02.078  5871  6254 W ExifInterface: 	at android.media.ExifInterface.<init>(ExifInterface.java:1592)
07-10 10:08:02.078  5871  6254 W ExifInterface: 	at com.samsung.android.providers.media.scan.MediaParser.getDateTimeOriginal(MediaParser.java:390)
07-10 10:08:02.078  5871  6254 W ExifInterface: 	at com.samsung.android.providers.media.scan.MediaParser.computeDateMetadata(MediaParser.java:367)
07-10 10:08:02.078  5871  6254 W ExifInterface: 	at com.samsung.android.providers.media.sync.MediaSync.createOperation(MediaSync.java:429)
07-10 10:08:02.078  5871  6254 W ExifInterface: 	at com.samsung.android.providers.media.sync.MediaSync.loadInternal(MediaSync.java:389)
07-10 10:08:02.078  5871  6254 W ExifInterface: 	at com.samsung.android.providers.media.sync.MediaSync.load(MediaSync.java:325)
07-10 10:08:02.078  5871  6254 W ExifInterface: 	at com.samsung.android.providers.media.sync.MediaSync.-$$Nest$mload(MediaSync.java:0)
07-10 10:08:02.078  5871  6254 W ExifInterface: 	at com.samsung.android.providers.media.sync.MediaSync$SyncTask.run(MediaSync.java:475)
07-10 10:08:02.078  5871  6254 W ExifInterface: 	at android.os.Handler.handleCallback(Handler.java:942)
07-10 10:08:02.078  5871  6254 W ExifInterface: 	at android.os.Handler.dispatchMessage(Handler.java:99)
07-10 10:08:02.078  5871  6254 W ExifInterface: 	at android.os.Looper.loopOnce(Looper.java:226)
07-10 10:08:02.078  5871  6254 W ExifInterface: 	at android.os.Looper.loop(Looper.java:313)
07-10 10:08:02.078  5871  6254 W ExifInterface: 	at android.os.HandlerThread.run(HandlerThread.java:67)
07-10 10:08:02.179 11502 11502 D BoundBrokerSvc: onRebind: Intent { act=com.google.android.gms.auth.aang.events.services.START dat=chimera-action:/... cmp=com.google.android.gms/.chimera.PersistentApiService }
07-10 10:08:02.246  1468  1468 I ActivityManager: com.samsung.android.scs is exempt from freezer by list
07-10 10:08:02.246  1468  1468 D CompatibilityChangeReporter: Compat change id reported: 135634846; UID 10097; state: DISABLED
07-10 10:08:02.246  1468  1468 D CompatibilityChangeReporter: Compat change id reported: 177438394; UID 10097; state: DISABLED
07-10 10:08:02.246  1468  1468 D CompatibilityChangeReporter: Compat change id reported: 135772972; UID 10097; state: DISABLED
07-10 10:08:02.246  1468  1468 D CompatibilityChangeReporter: Compat change id reported: 135754954; UID 10097; state: ENABLED
07-10 10:08:02.247  1468  1500 D CompatibilityChangeReporter: Compat change id reported: 143937733; UID 10097; state: ENABLED
07-10 10:08:02.260  1101  1101 D Zygote  : Forked child process 6089
07-10 10:08:02.262  1468  1500 I ActivityManager: Start proc 6089:com.samsung.android.scs/u0a97 for service {com.samsung.android.scs/androidx.work.impl.background.systemjob.SystemJobService}
07-10 10:08:02.284  5871  6254 D MediaSync: loaded: 512ms, 1
07-10 10:08:02.298  6089  6089 I ung.android.scs: Using generational CollectorTypeCC GC.
07-10 10:08:02.310 32605  4784 I MdiSyncModule: (REDACTED) Dispatching task '%s'...
07-10 10:08:02.311 32605  4784 I MdiSyncModule: (REDACTED) Running singleton-scoped task '%s'...
07-10 10:08:02.319  6089  6089 D nativeloader: Load libframework-connectivity-tiramisu-jni.so using APEX ns com_android_tethering for caller /apex/com.android.tethering/javalib/framework-connectivity-t.jar: ok
07-10 10:08:02.325  6089  6089 D ActivityThread: setConscryptValidator
07-10 10:08:02.326  6089  6089 D ActivityThread: setConscryptValidator - put
07-10 10:08:02.331  1468  3875 I ActivityManager: DSS OFF for com.samsung.android.scs
07-10 10:08:02.341  6089  6089 D CompatibilityChangeReporter: Compat change id reported: 171979766; UID 10097; state: ENABLED
07-10 10:08:02.397   601   601 D io_stats: !@   8,0 r 41979685 849565220 w 7155902 121793240 d 0 0 f 0 0 iot 10096748 0 th 0 0 0 pt 0 inp 0 0 296817.667
07-10 10:08:02.397   558   558 I lmkd    : cached 3, sandbox(not0) 0
07-10 10:08:02.399   558   558 I lmkd    : Reclaim 'com.samsung.android.sm.devicesecurity' (5592), uid 5012, oom_score_adj 955, state 19 to free 193480kB rss, 41672kb swap
07-10 10:08:02.400   558   558 I lmkd    : Reclaimed 235152kB at oom_score_adj 0
07-10 10:08:02.402  1468  1501 D DmaBufLeakDetector: false, C 0, R false, T 1783670882402, CAM false
07-10 10:08:02.407  1468  1872 D NetdEventListenerService: DNS Requested by : 101, 10216
07-10 10:08:02.454   558   558 I lmkd    : 3(delay), 0(swap), 0(freelimit), 0(reentrymode) memory pressure events were skipped after a kill!
07-10 10:08:02.454  1468  3832 I ActivityManager: Process com.samsung.android.sm.devicesecurity (pid 5592) has died: cch+55 CEM (231,1208)
07-10 10:08:02.454  1101  1101 I Zygote  : Process 5592 exited due to signal 9 (Killed)
07-10 10:08:02.455  1468  1501 I libprocessgroup: Successfully killed process cgroup uid 5012 pid 5592 in 0ms
07-10 10:08:02.459  1468  3832 W ProcessCpusetController: Slowdown: pid 5592 is nonexistent
07-10 10:08:02.477  6089  6113 I SCS@AiSearch user 0: (AiSearch user 0) [Thread-3] entering in init():  Logger initialization. Path: /data/user/0/com.samsung.android.scs/files/aisearch/log/
07-10 10:08:02.477  6089  6089 I SCS@AiSearch user 0: (SearchProvider) [main] entering in onCreate():  
07-10 10:08:02.486  6089  6089 I SCS@AiSearch user 0: (SearchApplication) [main] entering in init():  
07-10 10:08:02.493  6089  6089 I SCS@AiSearch user 0: (SearchApplication) checkIsUpdated(): sIsUpdate = false
07-10 10:08:02.503 32605  4784 I MdiSyncModule: (REDACTED) Singleton-scoped task '%s' finished with result '%d'!
07-10 10:08:02.505 32605  4784 I GmsCoreXrpcWrapper: (REDACTED) Returning a channel provider with trafficStatsTag=%d trafficStatsUid=%d
07-10 10:08:02.530  1468  3832 D PackageManager: setEnabledSetting : userId = 0 packageName = com.samsung.android.scs cmp = androidx.work.impl.background.systemjob.SystemJobService newState = 1 callingPackage = 10097/com.samsung.android.scs
07-10 10:08:02.535  1468  3832 D ApplicationPolicy: getApplicationStateEnabled : pkg = com.samsung.android.scs userId : 0
07-10 10:08:02.543  1468  3832 D ApplicationPolicy: getApplicationComponentState : pkg = com.samsung.android.scs userId : 0
07-10 10:08:02.548  1468  3832 D CompatibilityChangeReporter: Compat change id reported: 161145287; UID 10097; state: DISABLED
07-10 10:08:02.550  6089  6089 I SCS@AiSearch user 0: (SearchApplication) [main] leaving from init():  
07-10 10:08:02.550  6089  6089 I SCS@AiSearch user 0: (SearchProvider) [main] leaving from onCreate():  
07-10 10:08:02.550  6089  6118 I SCS@AiSearch user 0: (ConfigManager) [pool-3-thread-1] entering in loadConfig():  
07-10 10:08:02.553  1468  3832 I GenerationRegistry: mBackingStore.isClosed() : false
07-10 10:08:02.575  6089  6089 I ServiceApplication: process:com.samsung.android.scs version:3.7.00.1 flavor:full
07-10 10:08:02.576  6089  6089 I SCS@AiSearch user 0: (SearchApplication) [main] entering in init():  
07-10 10:08:02.585  6089  6089 I SCS@AiSearch user 0: (SearchProvider) onTrimMemory(): 5
07-10 10:08:02.597  6089  6118 I SCS@AiSearch user 0: (ConfigManager) Updating App Enable for com.sec.android.app.myfiles, Status: EnabledStatus{mEnabled=true, mDisabledReason=null, mExtra=null}
07-10 10:08:02.600  6089  6118 I SCS@AiSearch user 0: (ConfigManager) Updating App Enable for com.samsung.android.app.reminder, Status: EnabledStatus{mEnabled=true, mDisabledReason=null, mExtra=null}
07-10 10:08:02.601  6089  6118 I SCS@AiSearch user 0: (ConfigManager) Updating App Enable for com.samsung.android.calendar.synctasks, Status: EnabledStatus{mEnabled=true, mDisabledReason=null, mExtra=null}
07-10 10:08:02.603  1468  3875 I GenerationRegistry: mBackingStore.isClosed() : false
07-10 10:08:02.607  6089  6118 I SCS@AiSearch user 0: (ConfigManager) Updating App Enable for logs.call, Status: EnabledStatus{mEnabled=true, mDisabledReason=null, mExtra=null}
07-10 10:08:02.607  6089  6118 I SCS@AiSearch user 0: (ConfigManager) Updating App Enable for com.samsung.android.apps, Status: EnabledStatus{mEnabled=true, mDisabledReason=null, mExtra=null}
07-10 10:08:02.608  1468  1872 D NetdEventListenerService: DNS Requested by : 101, 10234
07-10 10:08:02.609  6089  6118 I SCS@AiSearch user 0: (ConfigManager) Updating App Enable for com.samsung.android.calendar, Status: EnabledStatus{mEnabled=true, mDisabledReason=null, mExtra=null}
07-10 10:08:02.610  6089  6118 I SCS@AiSearch user 0: (ConfigManager) Updating App Enable for com.samsung.android.contacts, Status: EnabledStatus{mEnabled=true, mDisabledReason=null, mExtra=null}
07-10 10:08:02.611  6089  6118 I SCS@AiSearch user 0: (ConfigManager) isAppEnabled(): FloatingFeature :V519, com.google.android.providers.media enabled :true
07-10 10:08:02.612  6089  6118 I SCS@AiSearch user 0: (ConfigManager) Updating App Enable for com.google.android.providers.media, Status: EnabledStatus{mEnabled=true, mDisabledReason=null, mExtra=null}
07-10 10:08:02.612  6089  6118 I SCS@AiSearch user 0: (ConfigManager) Updating App Enable for analogy, Status: EnabledStatus{mEnabled=true, mDisabledReason=null, mExtra=null}
07-10 10:08:02.612  6089  6118 I SCS@AiSearch user 0: (ConfigManager) Updating App Enable for synonym, Status: EnabledStatus{mEnabled=true, mDisabledReason=null, mExtra=null}
07-10 10:08:02.613  6089  6118 I SCS@AiSearch user 0: (ConfigManager) Updating App Enable for com.samsung.android.scs.documents, Status: EnabledStatus{mEnabled=true, mDisabledReason=null, mExtra=null}
07-10 10:08:02.613  6089  6118 I SCS@AiSearch user 0: (ConfigManager) Updating App Enable for com.android.settings, Status: EnabledStatus{mEnabled=true, mDisabledReason=null, mExtra=null}
07-10 10:08:02.614  6089  6118 I SCS@AiSearch user 0: (ConfigManager) Updating App Enable for correlated, Status: EnabledStatus{mEnabled=true, mDisabledReason=null, mExtra=null}
07-10 10:08:02.614  6089  6118 I SCS@AiSearch user 0: (ConfigManager) [pool-3-thread-1] leaving from loadConfig():  
07-10 10:08:02.635  1468  3875 I ActivityManager: Changes in 10049 19 to 5, 0 to 8
07-10 10:08:02.637  1468  1508 W libprocessgroup: Failed to open /dev/blkio//cgroup.procs: No such file or directory
07-10 10:08:02.639  6089  6140 I DIAGMON_SDK[605029][4N4-399-535399] : generated SR object
07-10 10:08:02.657  6089  6149 I SCS@AiSearch user 0: (g) Creating collector for AOSP_MP
07-10 10:08:02.682  6089  6118 I SemDesktopModeManager: registerListener: n1.e@f014556
07-10 10:08:02.682  6089  6089 I SCS@AiSearch user 0: (ObserverWorker::AOSP_MP) [main] entering in startWork triggered by [content://media/external/file/1000026837]():  
07-10 10:08:02.683  6089  6118 I SCS@AiSearch user 0: (HintsHelper) init collect hints and schedule periodic job isImmediate = false
07-10 10:08:02.683  6089  6089 I SCS@AiSearch user 0: (BaseCollector::AOSP_MP) [main] entering in onChange():  
07-10 10:08:02.684 32605  4784 I MdiSyncModule: (REDACTED) Running account-scoped task '%s'...
07-10 10:08:02.684  6089  6118 I SCS@AiSearch user 0: (SchedulingManager) UsageScoreIndexingWorker: Result:: androidx.work.impl.utils.futures.SettableFuture@ae460e2[status=PENDING]
07-10 10:08:02.684  6089  6118 I SCS@AiSearch user 0: (SchedulingManager) scheduleJobServiceLogging
07-10 10:08:02.686  6089  6161 I SCS@AiSearch user 0: (BaseCollector::AOSP_MP) [AOSP_MP-0] entering in collectChanges():  
07-10 10:08:02.696  1468  1499 D CompatibilityChangeReporter: Compat change id reported: 135634846; UID 10046; state: DISABLED
07-10 10:08:02.696  1468  1499 D CompatibilityChangeReporter: Compat change id reported: 177438394; UID 10046; state: DISABLED
07-10 10:08:02.696  1468  2321 D PackageManager: setEnabledSetting : userId = 0 packageName = com.samsung.android.scs cmp = androidx.work.impl.background.systemalarm.RescheduleReceiver newState = 1 callingPackage = 10097/com.samsung.android.scs
07-10 10:08:02.696  1468  1499 D CompatibilityChangeReporter: Compat change id reported: 135772972; UID 10046; state: DISABLED
07-10 10:08:02.696  1468  1499 D CompatibilityChangeReporter: Compat change id reported: 135754954; UID 10046; state: ENABLED
07-10 10:08:02.698  1468  2321 D ApplicationPolicy: getApplicationStateEnabled : pkg = com.samsung.android.scs userId : 0
07-10 10:08:02.698  1468  1500 D CompatibilityChangeReporter: Compat change id reported: 143937733; UID 10046; state: ENABLED
07-10 10:08:02.698  1468  2321 D ApplicationPolicy: getApplicationComponentState : pkg = com.samsung.android.scs userId : 0
07-10 10:08:02.706  1101  1101 D Zygote  : Forked child process 6162
07-10 10:08:02.707  1468  1500 I ActivityManager: Start proc 6162:com.sec.android.provider.badge/u0a46 for broadcast {com.sec.android.provider.badge/com.sec.android.provider.badge.BadgeCountReceiver}
07-10 10:08:02.707  1468  2321 D CompatibilityChangeReporter: Compat change id reported: 194532703; UID 10097; state: ENABLED
07-10 10:08:02.714  1468  2321 D PackageManager: setEnabledSetting : userId = 0 packageName = com.samsung.android.scs cmp = androidx.work.impl.background.systemalarm.RescheduleReceiver newState = 1 callingPackage = 10097/com.samsung.android.scs
07-10 10:08:02.715  1468  2321 D ApplicationPolicy: getApplicationStateEnabled : pkg = com.samsung.android.scs userId : 0
07-10 10:08:02.715  1468  2321 D ApplicationPolicy: getApplicationComponentState : pkg = com.samsung.android.scs userId : 0
07-10 10:08:02.726  1468  2321 D PackageManager: setEnabledSetting : userId = 0 packageName = com.samsung.android.scs cmp = androidx.work.impl.background.systemalarm.RescheduleReceiver newState = 1 callingPackage = 10097/com.samsung.android.scs
07-10 10:08:02.727  1468  2321 D ApplicationPolicy: getApplicationStateEnabled : pkg = com.samsung.android.scs userId : 0
07-10 10:08:02.727  6089  6161 I SCS@AiSearch user 0: (m) Schema Name : com.samsung.android.contacts Major Version : 36, Minor Version : 0
07-10 10:08:02.728  1468  2321 D ApplicationPolicy: getApplicationComponentState : pkg = com.samsung.android.scs userId : 0
07-10 10:08:02.729  6089  6161 I SCS@AiSearch user 0: (m) Schema Name : com.android.settings Major Version : 4, Minor Version : 0
07-10 10:08:02.735  6089  6161 I SCS@AiSearch user 0: (m) Schema Name : com.samsung.android.apps Major Version : 33, Minor Version : 0
07-10 10:08:02.736  6162  6162 I .provider.badge: Using generational CollectorTypeCC GC.
07-10 10:08:02.739  6089  6161 I SCS@AiSearch user 0: (m) Schema Name : com.samsung.android.calendar Major Version : 23, Minor Version : 0
07-10 10:08:02.741  6089  6161 I SCS@AiSearch user 0: (m) Schema Name : com.samsung.android.calendar.synctasks Major Version : 8, Minor Version : 0
07-10 10:08:02.742 32605  4784 I MdiSyncModule: (REDACTED) Task '%s' finished with result '%d'!
07-10 10:08:02.745  6089  6161 I SCS@AiSearch user 0: (m) Schema Name : com.samsung.android.app.reminder Major Version : 5, Minor Version : 0
07-10 10:08:02.749  6089  6161 I SCS@AiSearch user 0: (m) Schema Name : logs.call Major Version : 18, Minor Version : 0
07-10 10:08:02.750  6162  6162 D nativeloader: Load libframework-connectivity-tiramisu-jni.so using APEX ns com_android_tethering for caller /apex/com.android.tethering/javalib/framework-connectivity-t.jar: ok
07-10 10:08:02.751 11502  4220 I NetworkScheduler.Stats: (REDACTED) Task %s/%s finished executing. cause:%s result: %s elapsed_millis: %s uptime_millis: %s exec_start_elapsed_seconds: %s
07-10 10:08:02.756  6162  6162 D ActivityThread: setConscryptValidator
07-10 10:08:02.756  6162  6162 D ActivityThread: setConscryptValidator - put
07-10 10:08:02.759  1468  3832 D CompatibilityChangeReporter: Compat change id reported: 168419799; UID 10046; state: DISABLED
07-10 10:08:02.759  1468  3832 I ActivityManager: DSS OFF for com.sec.android.provider.badge
07-10 10:08:02.764  6089  6161 I SCS@AiSearch user 0: (m) Schema Name : com.google.android.providers.media Major Version : 0, Minor Version : 0 Name : aosp_mp Major Version : 19, Minor Version : 0 Name : sec_mp Major Version : 33, Minor Version : 0
07-10 10:08:02.766  6089  6161 I SCS@AiSearch user 0: (m) Schema Name : analogy Major Version : 13, Minor Version : 0
07-10 10:08:02.767  6089  6161 I SCS@AiSearch user 0: (m) Schema Name : synonym Major Version : 4, Minor Version : 0
07-10 10:08:02.768  6162  6162 D CompatibilityChangeReporter: Compat change id reported: 171979766; UID 10046; state: ENABLED
07-10 10:08:02.768  6089  6161 I SCS@AiSearch user 0: (m) Schema Name : correlated Major Version : 4, Minor Version : 0
07-10 10:08:02.769  6089  6161 I SCS@AiSearch user 0: (m) Schema Name : ranking Major Version : 1, Minor Version : 0
07-10 10:08:02.776  1468  2321 D CompatibilityChangeReporter: Compat change id reported: 182734110; UID 10097; state: ENABLED
07-10 10:08:02.778  5958  6013 D nativeloader: Load /data/app/~~_quhtLSBa2rDi7LQoqk-5Q==/com.whatsapp-9sChrUY0PoGQEkCQzSsqjg==/split_config.arm64_v8a.apk!/lib/arm64-v8a/libwamo_graphql_flipper.so using class loader ns clns-6 (caller=/data/app/~~_quhtLSBa2rDi7LQoqk-5Q==/com.whatsapp-9sChrUY0PoGQEkCQzSsqjg==/base.apk): ok
07-10 10:08:02.812  5958  6041 D CompatibilityChangeReporter: Compat change id reported: 147600208; UID 10297; state: ENABLED
07-10 10:08:02.814  1468  2041 D CompatibilityChangeReporter: Compat change id reported: 157233955; UID 10297; state: ENABLED
07-10 10:08:02.822  6162  6162 I BadgeProvider: onCreate
07-10 10:08:02.822  6162  6162 I BadgeProvider: DatabaseHelper
07-10 10:08:02.827  6162  6162 I BadgeCountReceiver: badge intent : Intent { act=android.intent.action.BADGE_COUNT_UPDATE flg=0x1000010 cmp=com.sec.android.provider.badge/.BadgeCountReceiver (has extras) }
07-10 10:08:02.827  6162  6162 I BadgeCountReceiver: packageName: com.whatsapp, className: com.whatsapp.Main, count: 36
07-10 10:08:02.833  1468  2041 I GenerationRegistry: mBackingStore.isClosed() : false
07-10 10:08:02.844  1468  2321 D PackageManager: setEnabledSetting : userId = 0 packageName = com.whatsapp cmp = com.whatsapp.contact.ui.picker.ExternalShareAlias newState = 1 callingPackage = 10297/com.whatsapp
07-10 10:08:02.845  1468  2321 D ApplicationPolicy: getApplicationStateEnabled : pkg = com.whatsapp userId : 0
07-10 10:08:02.846  1468  2321 D ApplicationPolicy: getApplicationComponentState : pkg = com.whatsapp userId : 0
07-10 10:08:02.850  3725  4639 I SDHMS:D : SIOP:: AP:384 BAT:308 USB:289 CHG:384 PA:356 WIFI:369 BLK:346 SKIN:377 SKINF:377 SKINB:366 LRP:377 LRF:377 LRB:366 
07-10 10:08:02.855  6162  6162 I BadgeProvider: onOpen
07-10 10:08:02.861  6162  6162 I BadgeProvider: sendNotify entered. [uri] : content://com.sec.badge/apps
07-10 10:08:02.861  6162  6162 I BadgeProvider: sendNotify, [notify] : null
07-10 10:08:02.861  6162  6162 I BadgeProvider: update, getCallingPackage() : com.sec.android.provider.badge
07-10 10:08:02.861  6162  6162 I BadgeProvider: update, [uri] : content://com.sec.badge/apps
07-10 10:08:02.861  6162  6162 I BadgeProvider: update, [uri.query] : null
07-10 10:08:02.861  6162  6162 I BadgeProvider: update, [BadgeCount] : badgecount=36
07-10 10:08:02.861  6162  6162 I BadgeProvider: update, [UpdateCount] : 1
07-10 10:08:02.862  2465  2465 I BadgeCountUpdaterImpl: onChange
07-10 10:08:02.869  2465  2465 I BadgeCountUpdaterImpl: onChange
07-10 10:08:02.879  1468  2041 W Telecom : : registerPhoneAccount - attempt to set a group from a non-system caller.: TSI.rPA@WyU
07-10 10:08:02.882  1468  2041 I Telecom : PhoneAccountRegistrar: Modify account: [ComponentInfo{com.whatsapp/com.whatsapp.calling.telecom.SelfManagedConnectionService}, ***, UserHandle{0}]: TSI.rPA@WyU
07-10 10:08:02.892  1468  2041 I Telecom : AppLabelProxy: package com.whatsapp: name is WhatsApp: TSI.rPA@WyU
07-10 10:08:02.900  1468  2041 I Telecom:SamsungPhoneAccountListener: onAccountsChanged - allPhoneAccountsOfCurrentUser : [[[X] PhoneAccount: ComponentInfo{com.android.phone/com.android.services.telephony.TelephonyConnectionService}, 1, UserHandle{0} Capabilities: CallProvider MultiUser PlaceEmerg SimSub  Audio Routes: BESW Schemes: tel voicemail  Extras: Bundle[{com.samsung.telecom.extra.SUPPORT_VRBT=false, android.telecom.extra.SUPPORTS_VIDEO_CALLING_FALLBACK=true, com.samsung.telecom.extra.SUBSCRIPTION_ID=1, com.samsung.telecom.extra.CAN_COEXIST_ACCOUNT=true, com.samsung.telecom.extra.PHONE_ID=0, com.samsung.telecom.extra.NO_CHECK_IF_VIDEO_CAPABLE=true}] GroupId: ***], [[X] PhoneAccount: ComponentInfo{com.google.android.gm/androidx.core.telecom.internal.JetpackConnectionService}, ***, UserHandle{0} Capabilities: SelfManaged SuppVideo Video  Audio Routes: BESW Schemes: tel  Extras: Bundle[{isCoreTelecomAccount=true}] GroupId: ***], [[X] PhoneAccount: ComponentInfo{com.google.android.apps.tachyon/androidx.core.telecom.internal.JetpackConnectionService}, ***, UserHandle{0} Capabilities: SelfManaged SuppVideo Video  Audio Routes: BESW Schemes: tel  Extras: Bundle[{isCoreTelecomAccount=true}] GroupId: ***], [[X] PhoneAccount: ComponentInfo{com.whatsapp/com.whatsapp.calling.telecom.SelfManagedConnectionService}, ***, UserHandle{0} Capabilities: SelfManaged SuppVideo Video  Audio Routes: BESW Schemes: tel  Extras: Bundle[{android.telecom.extra.LOG_SELF_MANAGED_CALLS=false}] GroupId: ***], [[X] PhoneAccount: ComponentInfo{com.twitter.android/com.twitter.calling.xcall.XCallConnectionService}, ***, UserHandle{0} Capabilities: SelfManaged SuppVideo Video CallSubject  Audio Routes: BESW Schemes: sip  Extras: null GroupId: ***]]
07-10 10:08:02.902  1468  2041 I Telecom:SamsungPhoneAccountListener: onAccountsChanged : [[X] PhoneAccount: ComponentInfo{com.android.phone/com.android.services.telephony.TelephonyConnectionService}, 1, UserHandle{0} Capabilities: CallProvider MultiUser PlaceEmerg SimSub  Audio Routes: BESW Schemes: tel voicemail  Extras: Bundle[{com.samsung.telecom.extra.SUPPORT_VRBT=false, android.telecom.extra.SUPPORTS_VIDEO_CALLING_FALLBACK=true, com.samsung.telecom.extra.SUBSCRIPTION_ID=1, com.samsung.telecom.extra.CAN_COEXIST_ACCOUNT=true, com.samsung.telecom.extra.PHONE_ID=0, com.samsung.telecom.extra.NO_CHECK_IF_VIDEO_CAPABLE=true}] GroupId: ***]
07-10 10:08:02.902  1468  2041 I Telecom:SamsungPhoneAccountListener: onAccountsChanged : [[X] PhoneAccount: ComponentInfo{com.google.android.gm/androidx.core.telecom.internal.JetpackConnectionService}, ***, UserHandle{0} Capabilities: SelfManaged SuppVideo Video  Audio Routes: BESW Schemes: tel  Extras: Bundle[{isCoreTelecomAccount=true}] GroupId: ***]
07-10 10:08:02.902  1468  2041 I Telecom:SamsungPhoneAccountListener: onAccountsChanged : [[X] PhoneAccount: ComponentInfo{com.google.android.apps.tachyon/androidx.core.telecom.internal.JetpackConnectionService}, ***, UserHandle{0} Capabilities: SelfManaged SuppVideo Video  Audio Routes: BESW Schemes: tel  Extras: Bundle[{isCoreTelecomAccount=true}] GroupId: ***]
07-10 10:08:02.902  1468  2041 I Telecom:SamsungPhoneAccountListener: onAccountsChanged : [[X] PhoneAccount: ComponentInfo{com.whatsapp/com.whatsapp.calling.telecom.SelfManagedConnectionService}, ***, UserHandle{0} Capabilities: SelfManaged SuppVideo Video  Audio Routes: BESW Schemes: tel  Extras: Bundle[{android.telecom.extra.LOG_SELF_MANAGED_CALLS=false}] GroupId: ***]
07-10 10:08:02.902  1468  2041 I Telecom:SamsungPhoneAccountListener: onAccountsChanged : [[X] PhoneAccount: ComponentInfo{com.twitter.android/com.twitter.calling.xcall.XCallConnectionService}, ***, UserHandle{0} Capabilities: SelfManaged SuppVideo Video CallSubject  Audio Routes: BESW Schemes: sip  Extras: null GroupId: ***]
07-10 10:08:02.902  1468  2041 I Telecom:SamsungPhoneAccountRegistrarBroadcaster: AccountsChanged : false / UserHandle{0} / ComponentInfo{com.android.phone/com.android.services.telephony.TelephonyConnectionService}, 1, UserHandle{0} -> ComponentInfo{com.android.phone/com.android.services.telephony.TelephonyConnectionService}, 1, UserHandle{0}
07-10 10:08:02.903  1468  2041 I Telecom:SamsungPhoneAccountListener: onPhoneAccountChanged - PhoneAccount : ComponentInfo{com.whatsapp/com.whatsapp.calling.telecom.SelfManagedConnectionService}, ***, UserHandle{0}
07-10 10:08:02.906  1468  2041 I Telecom : CallsManager: handlePhoneAccountChanged: phoneAccount=[[X] PhoneAccount: ComponentInfo{com.whatsapp/com.whatsapp.calling.telecom.SelfManagedConnectionService}, ***, UserHandle{0} Capabilities: SelfManaged SuppVideo Video  Audio Routes: BESW Schemes: tel  Extras: Bundle[{android.telecom.extra.LOG_SELF_MANAGED_CALLS=false}] GroupId: ***]: TSI.rPA@WyU
07-10 10:08:02.951  5958  6150 D nativeloader: Load /data/data/com.whatsapp/files/decompressed/libs.spo/libdav1d.so using class loader ns clns-6 (caller=/data/app/~~_quhtLSBa2rDi7LQoqk-5Q==/com.whatsapp-9sChrUY0PoGQEkCQzSsqjg==/base.apk): ok
07-10 10:08:02.958  5958  6150 D nativeloader: Load /data/data/com.whatsapp/files/decompressed/libs.spo/libwzav1.so using class loader ns clns-6 (caller=/data/app/~~_quhtLSBa2rDi7LQoqk-5Q==/com.whatsapp-9sChrUY0PoGQEkCQzSsqjg==/base.apk): ok
07-10 10:08:02.963  5958  6150 D nativeloader: Load /data/data/com.whatsapp/files/decompressed/libs.spo/libwzav1_v2.so using class loader ns clns-6 (caller=/data/app/~~_quhtLSBa2rDi7LQoqk-5Q==/com.whatsapp-9sChrUY0PoGQEkCQzSsqjg==/base.apk): ok
07-10 10:08:03.049   558   558 I lmkd    : 0(delay), 0(swap), 50(freelimit), 0(reentrymode) memory pressure events were skipped after a kill!
07-10 10:08:03.071  2465  2785 I BadgeCountUpdaterImpl: reload badge without refresh
07-10 10:08:03.077  1468  2041 I ActivityManager: Changes in 10046 19 to 5, 0 to 8
07-10 10:08:03.079  1468  1508 W libprocessgroup: Failed to open /dev/blkio//cgroup.procs: No such file or directory
07-10 10:08:03.087  6162  6174 I BadgeProvider: query, [selection] : null
07-10 10:08:03.091  5958  6086 E WakeLockMetricsCollector: Unknown wakelock modified
07-10 10:08:03.092  5958  6086 E WakeLockMetricsCollector: Unknown wakelock modified
07-10 10:08:03.106  2465  2785 I BadgeCache: reloadBadge size : 0
07-10 10:08:03.106  5958  6054 E msys    : E[ADNSUCTIMH WAJMNSDNSResolver]_MNSDNSResolutionSuccess(35)=>[LogLevel:I] DNS Resolution Successful with 4 IPs, Persistent Cache Hit: 1, secondary resolver used: 0
07-10 10:08:03.106  5958  6054 E msys    : E[ADNSUCTIMH WAJMNSDNSResolver]_MNSDNSResolutionSuccess(55)=>[LogLevel:I] Resolved IP Address: 216.239.35.12
07-10 10:08:03.106  5958  6054 E msys    : E[ADNSUCTIMH WAJMNSDNSResolver]_MNSDNSResolutionSuccess(55)=>[LogLevel:I] Resolved IP Address: 216.239.35.8
07-10 10:08:03.106  5958  6054 E msys    : E[ADNSUCTIMH WAJMNSDNSResolver]_MNSDNSResolutionSuccess(55)=>[LogLevel:I] Resolved IP Address: 216.239.35.0
07-10 10:08:03.106  5958  6054 E msys    : E[ADNSUCTIMH WAJMNSDNSResolver]_MNSDNSResolutionSuccess(55)=>[LogLevel:I] Resolved IP Address: 216.239.35.4
07-10 10:08:03.119  5958  6150 I BluetoothAdapter: BluetoothAdapter() : com.whatsapp
07-10 10:08:03.119  1468  1647 D BluetoothManagerService: mDisableBleCallbacks count 8
07-10 10:08:03.122  5958  6150 D BluetoothHeadset: BTStateChangeCB is registed by 5958 @ com.whatsapp
07-10 10:08:03.155  5958  6086 E WakeLockMetricsCollector: Unknown wakelock modified
07-10 10:08:03.158  6089  6161 I SCS@AiSearch user 0: (IndexSearcherManager) Searcher created successfully for com.google.android.providers.media
07-10 10:08:03.168  1468  1872 D NetdEventListenerService: DNS Requested by : 101, 10297
07-10 10:08:03.168  5958  6054 E msys    : E[N mns]_OnResolverSuccess(335)=>Cache refresh succeeded with system DNS resolver. IP count: 4
07-10 10:08:03.184  6089  6161 I SCS@AiSearch user 0: (BaseCollector::AOSP_MP) fetchInternal values : maxSyncId: 1000026832 indexCount: 798 sourceCount: 798
07-10 10:08:03.206  6089  6161 I SCS@AiSearch user 0: (IndexManager) [AOSP_MP-0] entering in addIndex():  
07-10 10:08:03.210  6089  6161 I SCS@AiSearch user 0: (BaseCollector::AOSP_MP) fetch: fetching took  412 ms
07-10 10:08:03.210  6089  6161 I SCS@AiSearch user 0: (BaseCollector::AOSP_MP) fetchChanges: applied 0 items
07-10 10:08:03.210  6089  6161 I SCS@AiSearch user 0: (BaseCollector::AOSP_MP) Collect finished. Result: true
07-10 10:08:03.211  6089  6117 I WM-WorkerWrapper: Worker result SUCCESS for Work [ id=d728c8c1-2ceb-4f5b-8242-29718d57db50, tags={ com.sec.android.app.myfiles, com.samsung.android.scs.ai.search.data.collector.ObserverWorker } ]
07-10 10:08:03.213  6089  6161 I SCS@AiSearch user 0: (BaseCollector::AOSP_MP) enqueue ObserverWorker name: com.sec.android.app.myfiles, policy: APPEND_OR_REPLACE
07-10 10:08:03.213  1468  1495 E Watchdog: !@Sync: 9883 heap: 106 / 109 FD: 1083 [2026-07-10 10:08:03.213]
07-10 10:08:03.222  6089  6089 I SCS@AiSearch user 0: (SearchProvider) onTrimMemory(): 60
07-10 10:08:03.235  1468  2041 D PackageManager: setEnabledSetting : userId = 0 packageName = com.samsung.android.scs cmp = androidx.work.impl.background.systemalarm.RescheduleReceiver newState = 1 callingPackage = 10097/com.samsung.android.scs
07-10 10:08:03.235  1468  2041 D ApplicationPolicy: getApplicationStateEnabled : pkg = com.samsung.android.scs userId : 0
07-10 10:08:03.236  1468  2041 D ApplicationPolicy: getApplicationComponentState : pkg = com.samsung.android.scs userId : 0
07-10 10:08:03.254   558   558 I lmkd    : cached 3, sandbox(not0) 0
07-10 10:08:03.256   558   558 I lmkd    : Reclaim 'com.samsung.android.lool' (5866), uid 1000, oom_score_adj 955, state 19 to free 68040kB rss, 37524kb swap
07-10 10:08:03.257   558   558 I lmkd    : Reclaimed 105564kB at oom_score_adj 0
07-10 10:08:03.261  1468  1501 D DmaBufLeakDetector: false, C 0, R false, T 1783670883261, CAM false
07-10 10:08:03.268 11502  5953 I NetworkScheduler.Stats: (REDACTED) Task %s/%s finished executing. cause:%s result: %s elapsed_millis: %s uptime_millis: %s exec_start_elapsed_seconds: %s
07-10 10:08:03.285  1942  1942 D TelephonyManager: requestModemActivityInfo: Sending result to app: ModemActivityInfo{ mTimestamp=386975151 mSleepTimeMs=183048476 mIdleTimeMs=34966712 mActivityStatsTechSpecificInfo=[{mRat=UNKNOWN,mFrequencyRange=UNKNOWN,mTxTimeMs[]=[3197262, 1134392, 4011933, 5481315, 1397043],mRxTimeMs=168181414}]}
07-10 10:08:03.290  1468  3832 I ActivityManager: Process com.samsung.android.lool (pid 5866) has died: cch+55 CEM (107,1269)
07-10 10:08:03.291  1468  1501 I libprocessgroup: Successfully killed process cgroup uid 1000 pid 5866 in 0ms
07-10 10:08:03.291   558   558 I lmkd    : 3(delay), 0(swap), 0(freelimit), 0(reentrymode) memory pressure events were skipped after a kill!
07-10 10:08:03.292  1101  1101 I Zygote  : Process 5866 exited due to signal 9 (Killed)
07-10 10:08:03.297  5662  5662 I Finsky:background: [2] Memory trim requested to level 80
07-10 10:08:03.691  6089  6186 I SCS@AiSearch user 0: (InitialIndexingWorker) [androidx.work-1] entering in doWork():  
07-10 10:08:03.692  6089  6186 I SCS@AiSearch user 0: (InitialIndexingWorker) [androidx.work-1] entering in initAllIndexes():  
07-10 10:08:03.693  1468  1508 W libprocessgroup: Failed to open /dev/blkio//cgroup.procs: No such file or directory
07-10 10:08:03.695  6089  6186 I SCS@AiSearch user 0: (WorkerUtils) [androidx.work-1] entering in handleLocaleChange():  
07-10 10:08:03.695  6089  6186 I SCS@AiSearch user 0: (WorkerUtils) [androidx.work-1] leaving from handleLocaleChange():  
07-10 10:08:03.697  6089  6186 I SCS@AiSearch user 0: (ANALOGY) initIndexImpl: took 2 ms
07-10 10:08:03.699  6089  6186 W SCS@AiSearch user 0: (SynonymIndexer) The resource for the current locale is not found : res/values-fr-FR/synonyms.xml
07-10 10:08:03.702  6089  6186 I SCS@AiSearch user 0: (SYNONYM) initIndexImpl: took 4 ms
07-10 10:08:03.702  6089  6186 I SCS@AiSearch user 0: (g) Creating collector for CONTACTS
07-10 10:08:03.704  6089  6186 I SCS@AiSearch user 0: (ContactsRelation) initRelationDataFromContactsProvider called
07-10 10:08:03.708 30336 30368 I ReactNativeJNI: Memory warning (pressure level: TRIM_MEMORY_MODERATE) received by JS VM, running a GC
07-10 10:08:03.711  6089  6186 I SCS@AiSearch user 0: (CORRELATED) initIndexImpl: took 0 ms
07-10 10:08:03.711  6089  6186 I SCS@AiSearch user 0: (CONTACTS) initIndexImpl: took 0 ms
07-10 10:08:03.711  6089  6186 I SCS@AiSearch user 0: (CALLLOG) initIndexImpl: took 0 ms
07-10 10:08:03.711  6089  6186 I SCS@AiSearch user 0: (CALENDAR) initIndexImpl: took 0 ms
07-10 10:08:03.711  6089  6186 I SCS@AiSearch user 0: (TASKS) initIndexImpl: took 0 ms
07-10 10:08:03.712  6089  6186 I SCS@AiSearch user 0: (REMINDER) initIndexImpl: took 0 ms
07-10 10:08:03.713  6089  6186 I SCS@AiSearch user 0: (AppsDataObserver) scheduling worker CMD_SCAN
07-10 10:08:03.716  6089  6186 I SCS@AiSearch user 0: (APPLICATIONS) initIndexImpl: took 4 ms
07-10 10:08:03.717  6089  6186 I SCS@AiSearch user 0: (AOSP_MP) initIndexImpl: took 0 ms
07-10 10:08:03.717  6089  6186 I SCS@AiSearch user 0: (IMAGES) initIndexImpl: took 0 ms
07-10 10:08:03.717  1468  3834 D PackageManager: setEnabledSetting : userId = 0 packageName = com.samsung.android.scs cmp = androidx.work.impl.background.systemalarm.RescheduleReceiver newState = 1 callingPackage = 10097/com.samsung.android.scs
07-10 10:08:03.717  6089  6186 I SCS@AiSearch user 0: (SchedulingManager) scheduleSaLogging: Result:: androidx.work.impl.utils.futures.SettableFuture@ac0e411[status=PENDING]
07-10 10:08:03.717  6089  6186 I SCS@AiSearch user 0: (InitialIndexingWorker) [androidx.work-1] leaving from initAllIndexes():  
07-10 10:08:03.718  1468  3834 D ApplicationPolicy: getApplicationStateEnabled : pkg = com.samsung.android.scs userId : 0
07-10 10:08:03.718  6089  6186 I SCS@AiSearch user 0: (BaseCollector::CONTACTS) enqueue ObserverWorker name: CONTACTS policy: KEEP
07-10 10:08:03.718  6089  6186 I SCS@AiSearch user 0: (g) Creating collector for CALLLOG
07-10 10:08:03.718  1468  3834 D ApplicationPolicy: getApplicationComponentState : pkg = com.samsung.android.scs userId : 0
07-10 10:08:03.719  6089  6186 I SCS@AiSearch user 0: (BaseCollector::CALLLOG) enqueue ObserverWorker name: CALLLOG policy: KEEP
07-10 10:08:03.719  6089  6186 I SCS@AiSearch user 0: (g) Creating collector for CALENDAR
07-10 10:08:03.719  6089  6186 I SCS@AiSearch user 0: (BaseCollector::CALENDAR) enqueue ObserverWorker name: CALENDAR policy: KEEP
07-10 10:08:03.719  6089  6186 I SCS@AiSearch user 0: (g) Creating collector for TASKS
07-10 10:08:03.724  6089  6186 I SCS@AiSearch user 0: (BaseCollector::TASKS) enqueue ObserverWorker name: TASKS policy: KEEP
07-10 10:08:03.725  6089  6186 I SCS@AiSearch user 0: (g) Creating collector for REMINDER
07-10 10:08:03.726  6089  6186 I SCS@AiSearch user 0: (BaseCollector::REMINDER) enqueue ObserverWorker name: REMINDER policy: KEEP
07-10 10:08:03.726  6089  6186 I SCS@AiSearch user 0: (BaseCollector::AOSP_MP) enqueue ObserverWorker name: AOSP_MP policy: KEEP
07-10 10:08:03.726  6089  6186 I SCS@AiSearch user 0: (g) Creating collector for GALLERY
07-10 10:08:03.727  6089  6186 I SCS@AiSearch user 0: (BaseCollector::GALLERY) Initial CMH info, last synced CMH SecMediaId=2147497353, TimeStamp=1783622567315
07-10 10:08:03.728  6089  6186 I SCS@AiSearch user 0: (BaseCollector::GALLERY) enqueue ObserverWorker name: GALLERY policy: KEEP
07-10 10:08:03.728  6089  6186 I SCS@AiSearch user 0: (g) Creating collector for DOCUMENTS
07-10 10:08:03.728  6089  6186 I SCS@AiSearch user 0: (InitialIndexingWorker) Indexing time: 0.036seconds
07-10 10:08:03.733  6089  6149 I WM-WorkerWrapper: Worker result SUCCESS for Work [ id=381d1fbc-2a41-4992-9731-be89c03c8233, tags={ com.samsung.android.scs.ai.search.scheduling.workers.InitialIndexingWorker, InitialIndexingWorker } ]
07-10 10:08:03.744  6089  6187 I SCS@AiSearch user 0: (AppsDataWorker) [androidx.work-2] entering in doWork():  
07-10 10:08:03.745  6089  6187 I SCS@AiSearch user 0: (AppsDataObserver) [androidx.work-2] entering in execute():  
07-10 10:08:03.745  6089  6187 I SCS@AiSearch user 0: (AppsDataObserver-CMD_SCAN) Scanning applications for indexing...
07-10 10:08:03.805  6089  6187 I SCS@AiSearch user 0: (IndexSearcherManager) Searcher created successfully for com.samsung.android.apps
07-10 10:08:03.910   558   558 I lmkd    : 0(delay), 0(swap), 50(freelimit), 0(reentrymode) memory pressure events were skipped after a kill!
07-10 10:08:03.926  6089  6187 I SCS@AiSearch user 0: (AppsDataObserver) [androidx.work-2] leaving from execute():  result is true
07-10 10:08:03.926  6089  6187 I SCS@AiSearch user 0: (AppsDataWorker) [androidx.work-2] leaving from doWork():  
07-10 10:08:03.927  6089  6117 I WM-WorkerWrapper: Worker result SUCCESS for Work [ id=1247154f-5b7f-4d06-86c2-270da02f789b, tags={ com.samsung.android.scs.ai.search.scheduling.workers.AppsDataWorker, CMD_SCAN } ]
07-10 10:08:03.927  5958  5962 I com.whatsapp: Background concurrent copying GC freed 32MB AllocSpace bytes, 212(5948KB) LOS objects, 49% free, 10MB/20MB, paused 135us,79us total 172.928ms
07-10 10:08:03.932  1468  3824 W JobScheduler: Job didn't exist in JobStore: 4cd6d5d #u0a97/52608 com.samsung.android.scs/androidx.work.impl.background.systemjob.SystemJobService
07-10 10:08:03.934  6089  6089 I SCS@AiSearch user 0: (SearchProvider) onTrimMemory(): 60
07-10 10:08:04.167  3643  3643 I MediaServiceV2: Creating work for intent Intent { act=android.intent.action.MEDIA_SCANNER_SCAN_FILE dat=file:///... flg=0x1400010 cmp=com.google.android.providers.media.module/com.android.providers.media.MediaServiceV2 }
07-10 10:08:04.177  3643  3643 I MediaServiceV2: Work enqueued for intent: Intent { act=android.intent.action.MEDIA_SCANNER_SCAN_FILE dat=file:///... flg=0x1400010 cmp=com.google.android.providers.media.module/com.android.providers.media.MediaServiceV2 }
07-10 10:08:04.260  3643  4137 D WM-SystemJobScheduler: Scheduling work ID 06e963ba-472f-406d-bc55-4714da202673Job ID 6874
07-10 10:08:04.277  3643  4137 D WM-GreedyScheduler: Ignoring {WorkSpec: 1be04481-6528-4783-9b35-dc330bfc825d}. Requires device idle.
07-10 10:08:04.278  3643  3643 D WM-SystemJobService: onStartJob for WorkGenerationalId(workSpecId=06e963ba-472f-406d-bc55-4714da202673, generation=0)
07-10 10:08:04.278  3643  4137 D WM-GreedyScheduler: Ignoring {WorkSpec: 2c90540f-974d-4e19-b6a5-547dcaaae2ce}. Requires device idle.
07-10 10:08:04.278  3643  4137 D WM-GreedyScheduler: Starting work for 06e963ba-472f-406d-bc55-4714da202673
07-10 10:08:04.283 24409 24409 I adbd    : adbd service requested 'sync:'
07-10 10:08:04.292  3643  4137 D WM-Processor: Processor: processing WorkGenerationalId(workSpecId=06e963ba-472f-406d-bc55-4714da202673, generation=0)
07-10 10:08:04.298  3643  4137 D WM-Processor: Work WorkGenerationalId(workSpecId=06e963ba-472f-406d-bc55-4714da202673, generation=0) is already enqueued for processing
07-10 10:08:04.310  3643  3643 D WM-WorkerWrapper: Starting work for com.android.providers.media.MediaServiceV2
07-10 10:08:04.314  3643  6193 I MediaServiceV2: Work initiated for action [ android.intent.action.MEDIA_SCANNER_SCAN_FILE ]
07-10 10:08:04.381 24409 24409 I adbd    : adbd service requested 'shell,v2,TERM=xterm-256color:export ANDROID_LOG_TAGS=''; exec logcat '-d' '-t' '1000''
