07-10 10:07:40.721  1957  1957 D SecPowerUI.Notification: showChargingNotice oldChargingType : 11 / currentChargingType : 11, oldChargingTime : -1 / mChargingTime : -1
07-10 10:07:40.721  1957  1957 D SecPowerUI.Notification: There is no change about charging status, so return!
07-10 10:07:40.722  1957  1957 D PowerUI : Battery swelling mode - priorBatterySwellingMode = 0 mBatterySwellingMode = 0 mBatteryStatus = 2
07-10 10:07:40.722  1957  1957 I PowerUI : mBatteryMiscEvent = 0
07-10 10:07:40.723  1957  1957 D KeyguardUpdateMonitor: handleBatteryUpdate
07-10 10:07:40.724  1957  1957 I AODBatteryManager: updateBatteryData: ACTION_BATTERY_CHANGED
07-10 10:07:40.726  1957  1957 I AODBatteryManager: saveBatteryData : AOD BatteryData [mBatteryLevel=100, mBatteryStatus=CHARGING, mBatteryPlugType=USB, mBatteryPlugged=true, mRemainingChargeTime=-1, mBatteryChargingType=1, mBatteryChargerType=NORMAL, mBatteryOnline=NOT_DEFINED, mBatterySwellingMode=NONE, mBatteryProtectMode=false]
07-10 10:07:40.796  5662  5733 I PlayCommon: [509] Connecting to server: https://play.googleapis.com/play/log?format=raw&proto_v2=true
07-10 10:07:40.912  5662  5733 I PlayCommon: [509] Successfully uploaded logs.
07-10 10:07:42.262  1957  2094 D MobileStatusTracker(0/1): onSignalStrengthsChanged level=4, vendorLevel=3
07-10 10:07:42.265  1957  2094 D MobileSignalController(0/1): notifyListener: enabled=true, connected=true, dataConnected=true, networkType=LTE/LTE_CA (4G+), emergencyOnly=false, roaming=false, isDefault=true, dataActivity=inout, level=3, ca=true, mmWave=false, disabledDataIcon=false, simCard=ETC, sosState=false, satelliteState=0
07-10 10:07:42.269  1957  2094 D NetworkController: SignalStrength from intent slotId=0
07-10 10:07:42.384   601   601 D io_stats: !@   8,0 r 41967761 849285732 w 7155470 121787280 d 0 0 f 0 0 iot 10094432 0 th 0 0 0 pt 0 inp 0 0 296797.655
07-10 10:07:42.858  3725  4639 I SDHMS:D : SIOP:: AP:371 BAT:306 USB:287 CHG:384 PA:357 WIFI:372 BLK:347 SKIN:381 SKINF:381 SKINB:364 LRP:381 LRF:381 LRB:364 
07-10 10:07:44.386   601   601 D io_stats: !@ 179,0 r 2655 109822 w 571 22905 d 0 0 f 0 0 iot 16160 0 th 0 0 0 pt 0 inp 0 0 296799.656
07-10 10:07:45.400  1468  2041 D CustomizedBinderCallsStatsInternal: reportCpuUsage() : 0%
07-10 10:07:45.400  1468  1498 I BinderCallsStats: Collected cpu time : 0us, collected call count : 0 for 60288 ms
07-10 10:07:45.419 22033  3346 I android.vending: oneway function results for code 2 on binder at 0x76f2419820 will be dropped but finished with status UNKNOWN_TRANSACTION
07-10 10:07:45.427  1468  1609 I UMR     : B|Compact com.google.process.gservices(5707)
07-10 10:07:45.429  5662  5662 I Finsky:background: [2] Memory trim requested to level 60
07-10 10:07:45.506  1468  1609 I UMR     : E|Compact d_rss=-13776KB
07-10 10:07:45.728  1957  1957 D SecPowerUI.Notification: showChargingNotice oldChargingType : 11 / currentChargingType : 11, oldChargingTime : -1 / mChargingTime : -1
07-10 10:07:45.728  1957  1957 D SecPowerUI.Notification: There is no change about charging status, so return!
07-10 10:07:46.055 22033  4184 I android.vending: oneway function results for code 2 on binder at 0x76f243d4c0 will be dropped but finished with status UNKNOWN_TRANSACTION
07-10 10:07:46.072  5735  5735 I Finsky:quick_launch: [2] Memory trim requested to level 60
07-10 10:07:46.387   601   601 D io_stats: !@   8,0 r 41967870 849288612 w 7155470 121787280 d 0 0 f 0 0 iot 10094472 0 th 0 0 0 pt 0 inp 0 0 296801.657
07-10 10:07:46.759  3725  3725 I SDHMS:LOAD: type: LoadsFreqs, value: 0:0:0:654160:858000:650000:654160:858000:650000:0:0:0
07-10 10:07:47.180  1957  2094 D MobileStatusTracker(0/1): onSignalStrengthsChanged level=4, vendorLevel=3
07-10 10:07:47.184  1957  2094 D MobileSignalController(0/1): notifyListener: enabled=true, connected=true, dataConnected=true, networkType=LTE/LTE_CA (4G+), emergencyOnly=false, roaming=false, isDefault=true, dataActivity=inout, level=3, ca=true, mmWave=false, disabledDataIcon=false, simCard=ETC, sosState=false, satelliteState=0
07-10 10:07:47.189  1957  2094 D NetworkController: SignalStrength from intent slotId=0
07-10 10:07:48.389   601   601 D io_stats: !@   8,0 r 41967874 849288688 w 7155483 121787380 d 0 0 f 0 0 iot 10094488 0 th 0 0 0 pt 0 inp 0 0 296803.659
07-10 10:07:49.054  1468  1787 W DeviceStorageMonitorService: updateBroadcasts(/data) oldLevel:0, newLevel:0, seq:1
07-10 10:07:49.055  1468  1787 D DeviceStorageMonitorService: Available File Node Number is [12809660]
07-10 10:07:49.056  1468  1787 W DeviceStorageMonitorService: updateBroadcasts_filenode(/data) fn_oldLevel:0, fn_newLevel:0, seq:1
07-10 10:07:49.440  1957  2094 D MobileStatusTracker(0/1): onSignalStrengthsChanged level=4, vendorLevel=3
07-10 10:07:49.445  1957  2094 D MobileSignalController(0/1): notifyListener: enabled=true, connected=true, dataConnected=true, networkType=LTE/LTE_CA (4G+), emergencyOnly=false, roaming=false, isDefault=true, dataActivity=inout, level=3, ca=true, mmWave=false, disabledDataIcon=false, simCard=ETC, sosState=false, satelliteState=0
07-10 10:07:49.445  1957  2094 D NetworkController: SignalStrength from intent slotId=0
07-10 10:07:50.390   601   601 D io_stats: !@   8,0 r 41967898 849289172 w 7155483 121787380 d 0 0 f 0 0 iot 10094504 0 th 0 0 0 pt 0 inp 0 0 296805.660
07-10 10:07:50.880  1468  3875 D BatteryService: Sending ACTION_BATTERY_CHANGED: level:100, status:5, health:2, ac:false, usb:true, wireless:false, pogo:false, misc:0x0, charge_type:1, charger_type:0, voltage:4184, temperature:306, online:5, current_avg:439, ps:false, hvc:false, capacity:280000, current_event:0x0, current_now:427, mcc:0, mcv:0, cc:4370000, present:true, scale:100, technology:Li-ion
07-10 10:07:50.883  1468  1636 D MotionRecognitionService: [SAR]  onReceive : ACTION_BATTERY_CHANGED, Plugged: 2
07-10 10:07:50.885  1468  1866 I DeviceBatteryInfoService: action: android.intent.action.BATTERY_CHANGED
07-10 10:07:50.885  1468  1866 I DeviceBatteryInfoService: phone battery level: 100
07-10 10:07:50.885  1468  1866 I DeviceBatteryInfoService: phone battery status: 5
07-10 10:07:50.886  1468  1468 D PhoneWindowManagerExt: ACTION_BATTERY_CHANGED - Level=100, status=5
07-10 10:07:50.886  1468  1866 D DeviceBatteryInfoService: setBatteryStatus : 5
07-10 10:07:50.888  1942  1942 D SemBigDataInfoController: Intent: android.intent.action.BATTERY_CHANGED
07-10 10:07:50.889  1468  1468 D SemWifiApBroadcastReceiver: Received : android.intent.action.BATTERY_CHANGED
07-10 10:07:50.891  1957  1957 D SamsungBatteryMeterDrawable: onBatteryLevelChanged isSomethingChanged: true
07-10 10:07:50.892  1957  1957 D SamsungBatteryMeterDrawable: onBatteryLevelChanged isSomethingChanged: true
07-10 10:07:50.893  1957  1957 D SamsungBatteryMeterDrawable: onBatteryLevelChanged isSomethingChanged: true
07-10 10:07:50.893  1957  1957 D SamsungBatteryMeterDrawable: onBatteryLevelChanged isSomethingChanged: true
07-10 10:07:50.896  1129  1129 E sehhealth-service: Could not open /sys/class/power_supply/battery/lrp
07-10 10:07:50.907  1957  1957 D KeyguardUpdateMonitor: received broadcast android.intent.action.BATTERY_CHANGED
07-10 10:07:50.907  1957  1957 I PowerUI : mBootCompleted = true |  mFullyConnected = true
07-10 10:07:50.907  1957  1957 I PowerUI : BATTERY_HEALTH_CHECK extraHealth=2 mBatteryMiscEvent=0
07-10 10:07:50.908  1957  3405 D SecPowerUI.Notification: dismissing low battery warning: level=100
07-10 10:07:50.908  1957  3405 D SecPowerUI.Notification: updateNotification mWarning=false mPlaySound=false
07-10 10:07:50.908  1957  3405 D SecPowerUI.Notification: SecBatteryStatsSnapshot{batteryLevel=100, currentBatteryMode=0, chargingTime=-1, chargingType=11, batteryHealth=2, automaticTestMode=false, isHiccupState=false}
07-10 10:07:50.910  1957  3405 D SecPowerUI.Notification: 1. restoreScreenTimeOut - saved_value : :
07-10 10:07:50.910  1957  3405 E SecPowerUI.Notification: no saved value, so we do nothing !!
07-10 10:07:50.911  1957  1957 W PowerUI : Plug reason
07-10 10:07:50.911  1957  1957 W PowerUI : Skip charging animation - by plug status
07-10 10:07:50.911  1957  1957 D PowerUI : priorPlugType = 2 mPlugType = 2 priorBatteryStatus = 2 mBatteryStatus = 5
07-10 10:07:50.911  1957  1957 W PowerUI : Plug reason
07-10 10:07:50.911  1957  1957 W PowerUI : Skip charging sound - by plug status
07-10 10:07:50.911  1957  1957 I PowerUI : oldMisalign : false, curMisalign : false
07-10 10:07:50.911  1957  1957 D SecPowerUI.Notification: dismissSlowByChargerConnectionInfoPopUp()
07-10 10:07:50.911  1957  1957 D SecPowerUI.Notification: dismissChargingNotification()
07-10 10:07:50.911  1957  1957 D SecPowerUI.Notification: SecBatteryStatsSnapshot{batteryLevel=100, currentBatteryMode=0, chargingTime=0, chargingType=0, batteryHealth=2, automaticTestMode=false, isHiccupState=false}
07-10 10:07:50.913  1957  1957 D PowerUI : Battery swelling mode - priorBatterySwellingMode = 0 mBatterySwellingMode = 0 mBatteryStatus = 5
07-10 10:07:50.913  1957  1957 D SecPowerUI.Notification: dismissBatterySwellingNotice()
07-10 10:07:50.913  1957  1957 D SecPowerUI.Notification: SecBatteryStatsSnapshot{batteryLevel=100, currentBatteryMode=0, chargingTime=0, chargingType=0, batteryHealth=2, automaticTestMode=false, isHiccupState=false}
07-10 10:07:50.914  1957  1957 D SecPowerUI.Notification: dismissBatterySwellingPopup()
07-10 10:07:50.915  1957  1957 I PowerUI : mBatteryMiscEvent = 0
07-10 10:07:50.916  1957  1957 I AODBatteryManager: updateBatteryData: ACTION_BATTERY_CHANGED
07-10 10:07:50.916  1957  1957 I AODBatteryManager: getChargeEstimateTime: not charging
07-10 10:07:50.917  1957  1957 I AODBatteryManager: saveBatteryData : AOD BatteryData [mBatteryLevel=100, mBatteryStatus=FULL, mBatteryPlugType=USB, mBatteryPlugged=true, mRemainingChargeTime=0, mBatteryChargingType=0, mBatteryChargerType=NORMAL, mBatteryOnline=NOT_DEFINED, mBatterySwellingMode=NONE, mBatteryProtectMode=false]
07-10 10:07:50.920  1468  1468 D EdgeLightingManager: isCallingUserSupported : callingUserId=-1, mUserId=0, isDualAppId=false, isKnoxId=false
07-10 10:07:50.920  1957  1957 I ChargingInfoManager: updateChargingInfo: newState = AOD ChargingInfo [mState=HIDE_IN_FULLY_CHARGED, mIsCharging=false, mIsFullyCharged=true, mIsBatteryProtectMode=false], oldState = AOD ChargingInfo [mState=BATTERY_AND_REMAIN_TIME, mIsCharging=true, mIsFullyCharged=false, mIsBatteryProtectMode=false]
07-10 10:07:50.920  1468  1468 D EdgeLightingManager: hideForNotification : packageName = com.android.systemui
07-10 10:07:50.920  1957  1957 D KeyguardUpdateMonitor: handleBatteryUpdate
07-10 10:07:50.922  1468  1468 D EdgeLightingPolicyManager:NotificationGroup: remove : sbn : StatusBarNotification(pkg=com.android.systemui user=UserHandle{-1} id=2131429007 tag=charging_state key=-1|com.android.systemui|2131429007|charging_state|10054: Notification(channel=CHR shortcut=null contentView=null vibrate=null sound=null defaults=0x0 flags=0xa color=0xff5075a1 category=sys groupKey=CHARGING vis=PUBLIC semFlags=0x0 semPriority=0 semMissedCount=0))
07-10 10:07:50.922  1468  1468 D EdgeLightingPolicyManager.NotificationGroup: group notification count : 6
07-10 10:07:50.922  1468  1468 D EdgeLightingManager: hideForNotification : isInteractive is true
07-10 10:07:50.924  1957  1957 D KeyguardSecIndicationPolicy:  add T Event pos = DEFAULT, type =              BATTERY, id = 10652, text = Chargement terminé, duration = 3000
07-10 10:07:50.924  1957  1957 D KeyguardSecIndicationController: onIndicationChanged() return - keyguard is not visible, pos = DEFAULT, item = [id=10652|ty=BATTERY|pr=40|txt=Chargement terminé|ti=duration=3000|an=false]
07-10 10:07:50.928  1468  1468 D CompatibilityChangeReporter: Compat change id reported: 175319604; UID 1000; state: ENABLED
07-10 10:07:50.929  1957  1957 D KeyguardSecIndicationPolicy: update Event pos = DEFAULT, type =      BATTERY_RESTING, id = 10653, text = Chargement terminé
07-10 10:07:50.932  1957  1957 D KeyguardSecIndicationController: addBatteryAndOwnerInfoIndication() battery status = BatteryStatus{status=5,level=100,plugged=2,health=2,maxChargingWattage=-1,remaining=-1ultraFastCharger=0}
07-10 10:07:50.944  1468  1468 D CompatibilityChangeReporter: Compat change id reported: 195579280; UID 1000; state: ENABLED
07-10 10:07:50.948  1468  1468 D CompatibilityChangeReporter: Compat change id reported: 195579280; UID 1000; state: DISABLED
07-10 10:07:50.950  1468  1468 D CompatibilityChangeReporter: Compat change id reported: 175319604; UID 10054; state: ENABLED
07-10 10:07:50.951  1468  1468 D CompatibilityChangeReporter: Compat change id reported: 195579280; UID 10054; state: ENABLED
07-10 10:07:50.952  1147  1147 I SurfaceFlinger: SFWD update time=296806222547935
07-10 10:07:50.965  1468  1468 D NotificationReminder: removeFromNotificationList record com.android.systemui
07-10 10:07:50.970  1957  1957 D BubblesManager: setupNotifPipeline(), onEntryRemoved : reason=8
07-10 10:07:50.992  1957  1957 D PluginInstanceManager: stopListening
07-10 10:07:51.605  1468  2041 W ProcessStats: Tracking association SourceState{b7909d0 system/1000 BTopFgs #574782} whose proc state 2 is better than process ProcessState{4970d1d com.tailscale.ipn/10404 pkg=com.tailscale.ipn} proc state 3 (6 skipped)
07-10 10:07:52.391   601   601 D io_stats: !@   8,0 r 41968027 849295308 w 7155562 121788012 d 0 0 f 0 0 iot 10094556 0 th 0 0 0 pt 0 inp 0 0 296807.662
07-10 10:07:52.859  3725  4639 I SDHMS:D : SIOP:: AP:369 BAT:306 USB:287 CHG:382 PA:356 WIFI:369 BLK:346 SKIN:379 SKINF:379 SKINB:363 LRP:379 LRF:379 LRB:363 
07-10 10:07:52.875  1468  1468 D SemWifiP2pGoPowerSave: GopsReceiver : received : com.samsung.intent.action.CHECK_SIOP_LEVEL
07-10 10:07:52.876  1468  1468 I SemWifiP2pGoPowerSave: siop_level = 0
07-10 10:07:52.881 28792 28843 I SystemBroadcastReceiver: [#CMH#] onReceive completed :  1
07-10 10:07:52.883 28792 28792 I PolicyManager: [#CMH#] onReceive action = EVENT_SIOP
07-10 10:07:52.898  1120  1120 I Sensors : batch(5) - uncal_light_sensor try to batching with 200000000
07-10 10:07:52.899  1120  1120 I Sensors : UncalLightSensor old sensor_state 17024, new sensor_state : 282574488355456 en : 1
07-10 10:07:52.903  1120  1120 I Sensors : enable:: uncal_light_sensor(5)
07-10 10:07:52.999  1120  1585 I Sensors : Uncalibrated lux = 4, CCT = 3855, r = 26, g = 22, b = 21, c = 37, atime = 17, again = 3, time = 386964859400441
07-10 10:07:52.999  1120  1585 I Sensors : luminance 0
07-10 10:07:53.119  1120  1585 I Sensors : Uncalibrated lux = 3, CCT = 4207, r = 26, g = 22, b = 22, c = 37, atime = 17, again = 3, time = 386964981659049
07-10 10:07:53.119  1120  1585 I Sensors : luminance 0
07-10 10:07:53.121  1468  2041 D SensorService: Calling activate off 41
07-10 10:07:53.122  1120  1120 I Sensors : UncalLightSensor old sensor_state 17024, new sensor_state : 281474976727680 en : 0
07-10 10:07:53.127  1120  1120 I Sensors : disable:: uncal_light_sensor(5)
07-10 10:07:53.932  1957  1957 D KeyguardSecIndicationPolicy:  remove Item pos = DEFAULT                             , id = 10652, 
07-10 10:07:53.933  1957  1957 D KeyguardSecIndicationController: onIndicationChanged() return - keyguard is not visible, skip ownerInfo
07-10 10:07:54.392   601   601 D io_stats: !@ 179,0 r 2655 109822 w 571 22905 d 0 0 f 0 0 iot 16160 0 th 0 0 0 pt 0 inp 0 0 296809.663
07-10 10:07:54.393   601   601 D io_stats: !@   8,0 r 41968069 849296880 w 7155562 121788012 d 0 0 f 0 0 iot 10094568 0 th 0 0 0 pt 0 inp 0 0 296809.663
07-10 10:07:54.908  1468  2041 D SGM:GameManager: identifyForegroundApp. com.karmicgochara.app, mCurrentUserId: 0, callerUserId: 0
07-10 10:07:54.909  1468  2041 D SGM:PkgDataHelper: getGamePkgData(). com.karmicgochara.app
07-10 10:07:54.910 28792 28847 I PolicyManager: [#CMH#] Is foreground game app: false
07-10 10:07:55.507  1468  1523 D BatteryExternalStatsWorker: update stats : procstate-change (14)
07-10 10:07:55.509  1468  1523 D BatteryExternalStatsWorker: Fetch WiFi data
07-10 10:07:55.509  1468  1523 D BatteryExternalStatsWorker: Update Rail Energy data
07-10 10:07:55.510  1468  1523 D BatteryExternalStatsWorker: Fetch Bluetooth data
07-10 10:07:55.512  1468  1523 D BatteryExternalStatsWorker: Fetch modem data
07-10 10:07:55.513  1468  3875 W BatteryExternalStatsWorker: error reading Bluetooth stats: 11
07-10 10:07:55.530  1468  2041 D TelephonyManager: requestModemActivityInfo: Sending result to app: ModemActivityInfo{ mTimestamp=386967393 mSleepTimeMs=183047756 mIdleTimeMs=34965793 mActivityStatsTechSpecificInfo=[{mRat=UNKNOWN,mFrequencyRange=UNKNOWN,mTxTimeMs[]=[3196972, 1134347, 4011866, 5481086, 1397043],mRxTimeMs=168175296}]}
07-10 10:07:55.530  1468  1523 D BatteryExternalStatsWorker: mStats lock released
07-10 10:07:55.571  1468  1523 D BatteryExternalStatsWorker: Update modem state
07-10 10:07:55.571  1468  1523 D BatteryExternalStatsWorker: done updateExternalStatsLocked
07-10 10:07:56.394   601   601 D io_stats: !@   8,0 r 41970809 849310216 w 7155562 121788012 d 0 0 f 0 0 iot 10095064 0 th 0 0 0 pt 0 inp 0 0 296811.664
07-10 10:07:56.884  3725  3725 I SDHMS:LOAD: type: LoadsFreqs, value: 0:0:0:654160:858000:650000:654160:858000:650000:0:0:0
07-10 10:07:58.395   601   601 D io_stats: !@   8,0 r 41970813 849310268 w 7155572 121788188 d 0 0 f 0 0 iot 10095072 0 th 0 0 0 pt 0 inp 0 0 296813.665
07-10 10:08:00.007  1957  2540 I DateTimeView: updateAll - getTimeFormat
07-10 10:08:00.007  1957  1957 D KeyguardUpdateMonitor: received broadcast android.intent.action.TIME_TICK
07-10 10:08:00.008  1957  1957 D KeyguardUpdateMonitor: handleTimeUpdate
07-10 10:08:00.009  1957  1957 D FaceWidgetPagesController: onTimeChanged()
07-10 10:08:00.010  1957  2540 D QSClockBellTower: onReceive(android.intent.action.TIME_TICK) mTimeZoneString:null
07-10 10:08:00.023  1957  1957 D QSClockBellTower: He is ready to ring the bell. (((QSClockBellSound - TimeText:10:08, TimeContentDescription:10:08, DateText:ven. 10 juillet, ShortDateText:ven. 10 juil., Demo:false, QuickStar-Second(false|12:34:56))))
07-10 10:08:00.024  1957  1957 D QSClockIndicatorView: Home Indicator status_bar_clock 10:08   ven. 10 juil. notifyTimeChanged(QSClockBellSound - TimeText:10:08, TimeContentDescription:10:08, DateText:ven. 10 juillet, ShortDateText:ven. 10 juil., Demo:false, QuickStar-Second(false|12:34:56)) ClockVisibleByPolicy:true, ClockVisibleByUser:true, visible?true, parent:android.widget.LinearLayout{56cfd46 V.E...... ......ID 0,0-256,48 #7f0b0510 app:id/left_clock_container}
07-10 10:08:00.025  1957  1957 D QSClockBellTower: Everyone heard the bell. run(currentTime:1783670880020,   getTime():Fri Jul 10 10:08:00 GMT+02:00 2026,   getTimeZone():libcore.util.ZoneInfo[mDstSavings=3600000,mUseDst=true,mDelegate=[id="Europe/Paris",mRawOffset=3600000,mEarliestRawOffset=561000,transitions=184]])
07-10 10:08:00.044 11502  5856 D ConnectivityManager: StackLog: [android.net.ConnectivityManager.reportNetworkConnectivity(ConnectivityManager.java:3691)] [ccsq.a(:com.google.android.gms@262233029@26.22.33 (190400-932714197):15)] [ccuz.o(:com.google.android.gms@262233029@26.22.33 (190400-932714197):6)] [ccun.run(:com.google.android.gms@262233029@26.22.33 (190400-932714197):460)] [ccvk.run(:com.google.android.gms@262233029@26.22.33 (190400-932714197):5)] [hbzv.run(:com.google.android.gms@262233029@26.22.33 (190400-932714197):23)] [bjwy.c(:com.google.android.gms@262233029@26.22.33 (190400-932714197):50)] [bjwy.run(:com.google.android.gms@262233029@26.22.33 (190400-932714197):66)] [java.util.concurrent.ThreadPoolExecutor.runWorker(ThreadPoolExecutor.java:1100)] [java.util.concurrent.ThreadPoolExecutor$Worker.run(ThreadPoolExecutor.java:624)] [bkcq.run(:com.google.android.gms@262233029@26.22.33 (190400-932714197):8)] [java.lang.Thread.run(Thread.java:1572)]
07-10 10:08:00.047  1957  1957 V QsExpandAnimator: setQsExpansionPosition 0.0
07-10 10:08:00.056  1957  1957 V QsExpandAnimator: updateAnimators
07-10 10:08:00.056  1957  1957 V QsExpandAnimator: clearAnimationState 
07-10 10:08:00.058  1957  1957 V QsExpandAnimator: updateViews
07-10 10:08:00.064  1957  1957 V QsExpandAnimator: updateTileAnimator
07-10 10:08:00.066  1957  1957 V QsExpandAnimator: updateHeaderAnimator
07-10 10:08:00.067  1957  1957 V QsExpandAnimator: updateBarAnimator
07-10 10:08:00.067  1957  1957 V QsExpandAnimator: setQsExpansionPosition 0.0
07-10 10:08:00.067  1957  1957 V QsExpandAnimator: onAnimationAtStart
07-10 10:08:00.079 11502  4220 I AlarmManager: setExactAndAllowWhileIdle [name: FcmRetry type: 2 triggerAtMillis: 387091944]
07-10 10:08:00.094  1468  1499 D CompatibilityChangeReporter: Compat change id reported: 135634846; UID 10297; state: DISABLED
07-10 10:08:00.094  1468  1499 D CompatibilityChangeReporter: Compat change id reported: 177438394; UID 10297; state: DISABLED
07-10 10:08:00.094  1468  1499 D CompatibilityChangeReporter: Compat change id reported: 135772972; UID 10297; state: DISABLED
07-10 10:08:00.094  1468  1499 D CompatibilityChangeReporter: Compat change id reported: 135754954; UID 10297; state: ENABLED
07-10 10:08:00.096  1468  1500 D CompatibilityChangeReporter: Compat change id reported: 143937733; UID 10297; state: ENABLED
07-10 10:08:00.102  1468  1818 I ChimeraAggressivePolicyHandler: executePolicy() - triggerSource: TRIGGER_SOURCE_LMKD
07-10 10:08:00.104  1468  1818 I ChimeraAggressivePolicyHandler: available memory: 1382028, free memory target: 645120, quit chimera
07-10 10:08:00.110  1101  1101 D Zygote  : Forked child process 5958
07-10 10:08:00.111  1468  1500 I ActivityManager: Start proc 5958:com.whatsapp/u0a297 for broadcast {com.whatsapp/com.google.firebase.iid.FirebaseInstanceIdReceiver}
07-10 10:08:00.148  5958  5958 I com.whatsapp: Using generational CollectorTypeCC GC.
07-10 10:08:00.168  5958  5958 D nativeloader: Load libframework-connectivity-tiramisu-jni.so using APEX ns com_android_tethering for caller /apex/com.android.tethering/javalib/framework-connectivity-t.jar: ok
07-10 10:08:00.171  5958  5958 D ActivityThread: setConscryptValidator
07-10 10:08:00.171  5958  5958 D ActivityThread: setConscryptValidator - put
07-10 10:08:00.178  1468  3875 D CompatibilityChangeReporter: Compat change id reported: 168419799; UID 10297; state: DISABLED
07-10 10:08:00.179  1468  3875 I ActivityManager: DSS OFF for com.whatsapp
07-10 10:08:00.198  5958  5958 D CompatibilityChangeReporter: Compat change id reported: 171979766; UID 10297; state: ENABLED
07-10 10:08:00.211  5958  5958 D nativeloader: Configuring clns-4 for other apk /system/framework/org.apache.http.legacy.jar. target_sdk_version=36, uses_libraries=ALL, library_path=/data/app/~~_quhtLSBa2rDi7LQoqk-5Q==/com.whatsapp-9sChrUY0PoGQEkCQzSsqjg==/lib/arm64:/data/app/~~_quhtLSBa2rDi7LQoqk-5Q==/com.whatsapp-9sChrUY0PoGQEkCQzSsqjg==/base.apk!/lib/arm64-v8a:/data/app/~~_quhtLSBa2rDi7LQoqk-5Q==/com.whatsapp-9sChrUY0PoGQEkCQzSsqjg==/split_config.arm64_v8a.apk!/lib/arm64-v8a:/data/app/~~_quhtLSBa2rDi7LQoqk-5Q==/com.whatsapp-9sChrUY0PoGQEkCQzSsqjg==/split_config.xhdpi.apk!/lib/arm64-v8a:/data/app/~~_quhtLSBa2rDi7LQoqk-5Q==/com.whatsapp-9sChrUY0PoGQEkCQzSsqjg==/split_i18n_fr.apk!/lib/arm64-v8a, permitted_path=/data:/mnt/expand:/data/user/0/com.whatsapp
07-10 10:08:00.211  5958  5958 D nativeloader: Extending system_exposed_libraries: libsmpsft.smps.samsung.so:libSDKRecognitionOCR.spenocr.samsung.so:libSDKMoireDetector.spenocr.samsung.so:libtensorflowlite_c.spenocr.samsung.so:libBestComposition.polarr.so:libTracking.polarr.so:libFeature.polarr.so:libaudiomirroring_jni.audiomirroring.samsung.so:libteecl.teegris.samsung.so:lib.engmodejni.samsung.so:libSDKRecognitionText.spensdk.samsung.so:lib_vnd_client.dk.samsung.so:lib_native_client.dk.samsung.so:lib_nativeJni.dk.samsung.so:libSEF.quram.so:libimagecodec.quram.so:libagifencoder.quram.so:libneural.snap.samsung.so:libsnap_aidl.snap.samsung.so:libface_landmark.arcsoft.so:libFacialStickerEngine.arcsoft.so:liblow_light_hdr.arcsoft.so:libhigh_dynamic_range.arcsoft.so:libheifcapture_jni.media.samsung.so:libjpegsq.media.samsung.so:libslljpeg.media.samsung.so:libsemimagecrop_jni.media.samsung.so:libsimba.media.samsung.so:libapex_jni.media.samsung.so:libvesgraphicframework.videoeditor.samsung.so:libvesinterface.videoeditor.samsung.so:libvesframework.videoeditor.sa
07-10 10:08:00.217  5958  5958 D nativeloader: Configuring clns-5 for other apk /system_ext/framework/androidx.window.extensions.jar. target_sdk_version=36, uses_libraries=ALL, library_path=/data/app/~~_quhtLSBa2rDi7LQoqk-5Q==/com.whatsapp-9sChrUY0PoGQEkCQzSsqjg==/lib/arm64:/data/app/~~_quhtLSBa2rDi7LQoqk-5Q==/com.whatsapp-9sChrUY0PoGQEkCQzSsqjg==/base.apk!/lib/arm64-v8a:/data/app/~~_quhtLSBa2rDi7LQoqk-5Q==/com.whatsapp-9sChrUY0PoGQEkCQzSsqjg==/split_config.arm64_v8a.apk!/lib/arm64-v8a:/data/app/~~_quhtLSBa2rDi7LQoqk-5Q==/com.whatsapp-9sChrUY0PoGQEkCQzSsqjg==/split_config.xhdpi.apk!/lib/arm64-v8a:/data/app/~~_quhtLSBa2rDi7LQoqk-5Q==/com.whatsapp-9sChrUY0PoGQEkCQzSsqjg==/split_i18n_fr.apk!/lib/arm64-v8a, permitted_path=/data:/mnt/expand:/data/user/0/com.whatsapp
07-10 10:08:00.217  5958  5958 D nativeloader: Extending system_exposed_libraries: libsmpsft.smps.samsung.so:libSDKRecognitionOCR.spenocr.samsung.so:libSDKMoireDetector.spenocr.samsung.so:libtensorflowlite_c.spenocr.samsung.so:libBestComposition.polarr.so:libTracking.polarr.so:libFeature.polarr.so:libaudiomirroring_jni.audiomirroring.samsung.so:libteecl.teegris.samsung.so:lib.engmodejni.samsung.so:libSDKRecognitionText.spensdk.samsung.so:lib_vnd_client.dk.samsung.so:lib_native_client.dk.samsung.so:lib_nativeJni.dk.samsung.so:libSEF.quram.so:libimagecodec.quram.so:libagifencoder.quram.so:libneural.snap.samsung.so:libsnap_aidl.snap.samsung.so:libface_landmark.arcsoft.so:libFacialStickerEngine.arcsoft.so:liblow_light_hdr.arcsoft.so:libhigh_dynamic_range.arcsoft.so:libheifcapture_jni.media.samsung.so:libjpegsq.media.samsung.so:libslljpeg.media.samsung.so:libsemimagecrop_jni.media.samsung.so:libsimba.media.samsung.so:libapex_jni.media.samsung.so:libvesgraphicframework.videoeditor.samsung.so:libvesinterface.videoeditor.samsung.so:libvesframework.videoeditor.sa
07-10 10:08:00.325  5958  5958 W com.whatsapp: Failed to find entry 'classes.dex': Entry not found
07-10 10:08:00.328  5958  5958 W com.whatsapp: Failed to find entry 'classes.dex': Entry not found
07-10 10:08:00.330  5958  5958 W com.whatsapp: Failed to find entry 'classes.dex': Entry not found
07-10 10:08:00.331  5958  5958 D nativeloader: Configuring clns-6 for other apk /data/app/~~_quhtLSBa2rDi7LQoqk-5Q==/com.whatsapp-9sChrUY0PoGQEkCQzSsqjg==/base.apk:/data/app/~~_quhtLSBa2rDi7LQoqk-5Q==/com.whatsapp-9sChrUY0PoGQEkCQzSsqjg==/split_config.arm64_v8a.apk:/data/app/~~_quhtLSBa2rDi7LQoqk-5Q==/com.whatsapp-9sChrUY0PoGQEkCQzSsqjg==/split_config.xhdpi.apk:/data/app/~~_quhtLSBa2rDi7LQoqk-5Q==/com.whatsapp-9sChrUY0PoGQEkCQzSsqjg==/split_i18n_fr.apk. target_sdk_version=36, uses_libraries=, library_path=/data/app/~~_quhtLSBa2rDi7LQoqk-5Q==/com.whatsapp-9sChrUY0PoGQEkCQzSsqjg==/lib/arm64:/data/app/~~_quhtLSBa2rDi7LQoqk-5Q==/com.whatsapp-9sChrUY0PoGQEkCQzSsqjg==/base.apk!/lib/arm64-v8a:/data/app/~~_quhtLSBa2rDi7LQoqk-5Q==/com.whatsapp-9sChrUY0PoGQEkCQzSsqjg==/split_config.arm64_v8a.apk!/lib/arm64-v8a:/data/app/~~_quhtLSBa2rDi7LQoqk-5Q==/com.whatsapp-9sChrUY0PoGQEkCQzSsqjg==/split_config.xhdpi.apk!/lib/arm64-v8a:/data/app/~~_quhtLSBa2rDi7LQoqk-5Q==/com.whatsapp-9sChrUY0PoGQEkCQzSsqjg==/split_i18n_fr.apk!/lib/arm64-v8a, permitted_path=/data:/mnt/expand:/da
07-10 10:08:00.396   601   601 D io_stats: !@   8,0 r 41971296 849327728 w 7155579 121788216 d 0 0 f 0 0 iot 10095192 0 th 0 0 0 pt 0 inp 0 0 296815.666
07-10 10:08:00.419  5958  5958 D nativeloader: Load libframework-connectivity-jni.so using APEX ns com_android_tethering for caller /apex/com.android.tethering/javalib/framework-connectivity.jar: ok
07-10 10:08:00.428  5958  5958 V GraphicsEnvironment: ANGLE Developer option for 'com.whatsapp' set to: 'default'
07-10 10:08:00.429  5958  5958 V GraphicsEnvironment: ANGLE GameManagerService for com.whatsapp: false
07-10 10:08:00.429  5958  5958 V GraphicsEnvironment: Neither updatable production driver nor prerelease driver is supported.
07-10 10:08:00.435  5958  5958 D NetworkSecurityConfig: Using Network Security Config from resource (name removed) debugBuild: false
07-10 10:08:00.444  5958  5958 D NetworkSecurityConfig: Using Network Security Config from resource (name removed) debugBuild: false
07-10 10:08:00.499  5958  5958 D CompatibilityChangeReporter: Compat change id reported: 183155436; UID 10297; state: ENABLED
07-10 10:08:00.502  5958  5958 I FirebaseApp: Device unlocked: initializing all Firebase APIs for app [DEFAULT]
07-10 10:08:00.512  5958  5958 I FirebaseInitProvider: FirebaseApp initialization successful
07-10 10:08:00.515  1468  2321 I GenerationRegistry: mBackingStore.isClosed() : false
07-10 10:08:00.529  5958  5958 I ProcessNameUtil: getMyProcessName
07-10 10:08:00.529  5958  5958 I ProcessNameUtil: isSecondaryProcess/process name: com.whatsapp/processing time: 0 ms
07-10 10:08:00.536  5958  5958 W EndToEnd-Test: Cannot find E2E config file `/data/user/0/com.whatsapp/files/config.json`.
07-10 10:08:00.582  5958  5958 W SoLoader: Initializing SoLoader: 0
07-10 10:08:00.584  5958  5958 I SoLoader: Recording new base apk path: /data/app/~~_quhtLSBa2rDi7LQoqk-5Q==/com.whatsapp-9sChrUY0PoGQEkCQzSsqjg==/base.apk
07-10 10:08:00.584  5958  5958 I SoLoader: Previously recorded 0 base apk paths.
07-10 10:08:00.585  5958  5958 I SoLoader: Preparing SO source: DirectorySoSource[root = /vendor/lib64 flags = 2]
07-10 10:08:00.585  5958  5958 I SoLoader: Preparing SO source: DirectorySoSource[root = /system/system_ext/lib64 flags = 2]
07-10 10:08:00.585  5958  5958 I SoLoader: Preparing SO source: DirectorySoSource[root = /system/lib64 flags = 2]
07-10 10:08:00.585  5958  5958 I SoLoader: Preparing SO source: DirectApkSoSource[root = [/data/app/~~_quhtLSBa2rDi7LQoqk-5Q==/com.whatsapp-9sChrUY0PoGQEkCQzSsqjg==/base.apk!/lib/arm64-v8a, /data/app/~~_quhtLSBa2rDi7LQoqk-5Q==/com.whatsapp-9sChrUY0PoGQEkCQzSsqjg==/split_config.arm64_v8a.apk!/lib/arm64-v8a, /data/app/~~_quhtLSBa2rDi7LQoqk-5Q==/com.whatsapp-9sChrUY0PoGQEkCQzSsqjg==/split_config.xhdpi.apk!/lib/arm64-v8a, /data/app/~~_quhtLSBa2rDi7LQoqk-5Q==/com.whatsapp-9sChrUY0PoGQEkCQzSsqjg==/split_i18n_fr.apk!/lib/arm64-v8a]]
07-10 10:08:00.606  5958  5958 I SoLoader: Preparing SO source: ApplicationSoSource[DirectorySoSource[root = /data/app/~~_quhtLSBa2rDi7LQoqk-5Q==/com.whatsapp-9sChrUY0PoGQEkCQzSsqjg==/lib/arm64 flags = 0]]
07-10 10:08:00.606  5958  5958 W SoLoader: SoLoader initialized: 8
07-10 10:08:00.618  5958  5958 D nativeloader: Load /data/app/~~_quhtLSBa2rDi7LQoqk-5Q==/com.whatsapp-9sChrUY0PoGQEkCQzSsqjg==/split_config.arm64_v8a.apk!/lib/arm64-v8a/libsuperpack.so using class loader ns clns-6 (caller=/data/app/~~_quhtLSBa2rDi7LQoqk-5Q==/com.whatsapp-9sChrUY0PoGQEkCQzSsqjg==/base.apk): ok
07-10 10:08:00.623  5958  5958 W SoLoader: Loading wa_log on the main thread
07-10 10:08:00.627  5958  5958 D nativeloader: Load /data/data/com.whatsapp/files/decompressed/libs.spo/libwa_log.so using class loader ns clns-6 (caller=/data/app/~~_quhtLSBa2rDi7LQoqk-5Q==/com.whatsapp-9sChrUY0PoGQEkCQzSsqjg==/base.apk): ok
07-10 10:08:00.627  5958  5958 W SoLoader: Loading essential on the main thread
07-10 10:08:00.634  5958  5958 D nativeloader: Load /data/data/com.whatsapp/files/decompressed/libs.spo/libc++_shared.so using class loader ns clns-6 (caller=/data/app/~~_quhtLSBa2rDi7LQoqk-5Q==/com.whatsapp-9sChrUY0PoGQEkCQzSsqjg==/base.apk): ok
07-10 10:08:00.636  5958  5958 D nativeloader: Load /data/data/com.whatsapp/files/decompressed/libs.spo/libfbjni.so using class loader ns clns-6 (caller=/data/app/~~_quhtLSBa2rDi7LQoqk-5Q==/com.whatsapp-9sChrUY0PoGQEkCQzSsqjg==/base.apk): ok
07-10 10:08:00.637  5958  5958 D nativeloader: Load /data/data/com.whatsapp/files/decompressed/libs.spo/libfbsofterror.so using class loader ns clns-6 (caller=/data/app/~~_quhtLSBa2rDi7LQoqk-5Q==/com.whatsapp-9sChrUY0PoGQEkCQzSsqjg==/base.apk): ok
07-10 10:08:00.639  5958  5958 D nativeloader: Load /data/data/com.whatsapp/files/decompressed/libs.spo/libglog.so using class loader ns clns-6 (caller=/data/app/~~_quhtLSBa2rDi7LQoqk-5Q==/com.whatsapp-9sChrUY0PoGQEkCQzSsqjg==/base.apk): ok
07-10 10:08:00.641  5958  5958 D nativeloader: Load /data/data/com.whatsapp/files/decompressed/libs.spo/libfb.so using class loader ns clns-6 (caller=/data/app/~~_quhtLSBa2rDi7LQoqk-5Q==/com.whatsapp-9sChrUY0PoGQEkCQzSsqjg==/base.apk): ok
07-10 10:08:00.641  5958  5958 W SoLoader: Loading fb on the main thread
07-10 10:08:00.643  5958  5958 I com.whatsapp: Thread[1,tid=5958,Native,Thread*=0x7876be8800,peer=0x725f50e8,"main"] recursive attempt to load library "/data/data/com.whatsapp/files/decompressed/libs.spo/libfb.so"
07-10 10:08:00.647  5958  5958 D nativeloader: Load /data/data/com.whatsapp/files/decompressed/libs.spo/libessential.so using class loader ns clns-6 (caller=/data/app/~~_quhtLSBa2rDi7LQoqk-5Q==/com.whatsapp-9sChrUY0PoGQEkCQzSsqjg==/base.apk): ok
07-10 10:08:00.647  5958  5958 I essential-jni: JNI_OnLoad start
07-10 10:08:00.647  5958  5958 I essential-jni: fbjni lambda running
07-10 10:08:00.647  5958  5958 I essential-jni: JNI_OnLoad lambda complete
07-10 10:08:00.674  5958  5958 I SigquitBasedANRDetector: Function PaletteWriteCrashThreadStacks hooked with result=0
07-10 10:08:00.675  5958  5958 W SoLoader: Loading rtvip on the main thread
07-10 10:08:00.678  5958  5958 D nativeloader: Load /data/data/com.whatsapp/files/decompressed/libs.spo/librtvip.so using class loader ns clns-6 (caller=/data/app/~~_quhtLSBa2rDi7LQoqk-5Q==/com.whatsapp-9sChrUY0PoGQEkCQzSsqjg==/base.apk): ok
07-10 10:08:00.678  5958  5958 W SoLoader: Loading rtvip on the main thread
07-10 10:08:00.679  5958  5958 E rtvip   : error 10 (0xd503245f)
07-10 10:08:00.679  5958  5958 E rtvip   : error 2
07-10 10:08:00.679  5958  5958 W SoLoader: Loading vlc on the main thread
07-10 10:08:00.682  5958  5958 D nativeloader: Load /data/data/com.whatsapp/files/decompressed/libs.spo/libvlc.so using class loader ns clns-6 (caller=/data/app/~~_quhtLSBa2rDi7LQoqk-5Q==/com.whatsapp-9sChrUY0PoGQEkCQzSsqjg==/base.apk): ok
07-10 10:08:00.682  5958  5958 W SoLoader: Loading native_utils on the main thread
07-10 10:08:00.685  5958  5958 D nativeloader: Load /data/data/com.whatsapp/files/decompressed/libs.spo/libnative_utils.so using class loader ns clns-6 (caller=/data/app/~~_quhtLSBa2rDi7LQoqk-5Q==/com.whatsapp-9sChrUY0PoGQEkCQzSsqjg==/base.apk): ok
07-10 10:08:00.685  5958  5958 W SoLoader: Loading curve25519 on the main thread
07-10 10:08:00.688  5958  5958 D nativeloader: Load /data/data/com.whatsapp/files/decompressed/libs.spo/libcurve25519.so using class loader ns clns-6 (caller=/data/app/~~_quhtLSBa2rDi7LQoqk-5Q==/com.whatsapp-9sChrUY0PoGQEkCQzSsqjg==/base.apk): ok
07-10 10:08:00.726  1468  1655 I HqmInfo::HqmManagerService: MSG_TYPE:MSG_TYPE_PROCESS_LOG_BY_HQM
07-10 10:08:00.729  1468  1499 I ActivityManager: com.samsung.android.dqagent is exempt from freezer
07-10 10:08:00.729  1468  1499 D CompatibilityChangeReporter: Compat change id reported: 135634846; UID 1000; state: DISABLED
07-10 10:08:00.729  1468  1499 D CompatibilityChangeReporter: Compat change id reported: 177438394; UID 1000; state: DISABLED
07-10 10:08:00.729  1468  1499 D CompatibilityChangeReporter: Compat change id reported: 135772972; UID 1000; state: DISABLED
07-10 10:08:00.729  1468  1499 D CompatibilityChangeReporter: Compat change id reported: 135754954; UID 1000; state: ENABLED
07-10 10:08:00.737 24409 24409 I adbd    : adbd service requested 'shell,v2,TERM=xterm-256color,raw:screencap -p /sdcard/tablet_error.png'
07-10 10:08:00.744  1101  1101 D Zygote  : Forked child process 5991
07-10 10:08:00.745  1468  1500 I ActivityManager: Start proc 5991:com.samsung.android.dqagent/1000 for broadcast {com.samsung.android.dqagent/com.samsung.android.dqagent.receiver.DQADataReceiver}
07-10 10:08:00.760  5958  5981 D nativeloader: Load /data/data/com.whatsapp/files/decompressed/libs.spo/libar-bundle3.so using class loader ns clns-6 (caller=/data/app/~~_quhtLSBa2rDi7LQoqk-5Q==/com.whatsapp-9sChrUY0PoGQEkCQzSsqjg==/base.apk): ok
07-10 10:08:00.760  1468  2321 D CompatibilityChangeReporter: Compat change id reported: 168419799; UID 10216; state: DISABLED
07-10 10:08:00.767  5958  5981 D nativeloader: Load /data/data/com.whatsapp/files/decompressed/libs.spo/libfortify.so using class loader ns clns-6 (caller=/data/app/~~_quhtLSBa2rDi7LQoqk-5Q==/com.whatsapp-9sChrUY0PoGQEkCQzSsqjg==/base.apk): ok
07-10 10:08:00.768  1468  1531 E MARsVersionManager: Package name: com.sec.android.app.shealth cannot be found.android.content.pm.PackageManager$NameNotFoundException: com.sec.android.app.shealth
07-10 10:08:00.782  5991  5991 I android.dqagent: Using generational CollectorTypeCC GC.
07-10 10:08:00.797  5991  5991 D nativeloader: Load libframework-connectivity-tiramisu-jni.so using APEX ns com_android_tethering for caller /apex/com.android.tethering/javalib/framework-connectivity-t.jar: ok
07-10 10:08:00.801  5991  5991 D ActivityThread: setConscryptValidator
07-10 10:08:00.801  5991  5991 D ActivityThread: setConscryptValidator - put
07-10 10:08:00.812  1468  1508 W libprocessgroup: Failed to open /dev/blkio//cgroup.procs: No such file or directory
07-10 10:08:00.814  1468  2041 D CompatibilityChangeReporter: Compat change id reported: 168419799; UID 1000; state: DISABLED
07-10 10:08:00.816  1468  2041 I ActivityManager: DSS OFF for com.samsung.android.dqagent
07-10 10:08:00.829  5958  5981 D nativeloader: Load /data/data/com.whatsapp/files/decompressed/libs.spo/libpytorch.so using class loader ns clns-6 (caller=/data/app/~~_quhtLSBa2rDi7LQoqk-5Q==/com.whatsapp-9sChrUY0PoGQEkCQzSsqjg==/base.apk): ok
07-10 10:08:00.835  5991  5991 D CompatibilityChangeReporter: Compat change id reported: 171979766; UID 1000; state: ENABLED
07-10 10:08:00.844  5958  5981 W libc    : Access denied finding property "ro.mediatek.platform"
07-10 10:08:00.865  5958  5981 D nativeloader: Load /data/data/com.whatsapp/files/decompressed/libs.spo/libexecutorch.so using class loader ns clns-6 (caller=/data/app/~~_quhtLSBa2rDi7LQoqk-5Q==/com.whatsapp-9sChrUY0PoGQEkCQzSsqjg==/base.apk): ok
07-10 10:08:00.906  5958  5981 D nativeloader: Load /data/data/com.whatsapp/files/decompressed/libs.spo/libpyspeech.so using class loader ns clns-6 (caller=/data/app/~~_quhtLSBa2rDi7LQoqk-5Q==/com.whatsapp-9sChrUY0PoGQEkCQzSsqjg==/base.apk): ok
07-10 10:08:00.923  5958  5981 D nativeloader: Load /data/data/com.whatsapp/files/decompressed/libs.spo/libopus_mlow.so using class loader ns clns-6 (caller=/data/app/~~_quhtLSBa2rDi7LQoqk-5Q==/com.whatsapp-9sChrUY0PoGQEkCQzSsqjg==/base.apk): ok
07-10 10:08:00.963  5958  5981 D nativeloader: Load /data/data/com.whatsapp/files/decompressed/libs.spo/libar-bundle2.so using class loader ns clns-6 (caller=/data/app/~~_quhtLSBa2rDi7LQoqk-5Q==/com.whatsapp-9sChrUY0PoGQEkCQzSsqjg==/base.apk): ok
07-10 10:08:00.986  5958  5981 D nativeloader: Load /data/data/com.whatsapp/files/decompressed/libs.spo/libsimplejni.so using class loader ns clns-6 (caller=/data/app/~~_quhtLSBa2rDi7LQoqk-5Q==/com.whatsapp-9sChrUY0PoGQEkCQzSsqjg==/base.apk): ok
07-10 10:08:01.004  5991  5991 I DIAGMON_SDK[605054]: DiagMonAgent type: 2
07-10 10:08:01.004  5991  5991 I DIAGMON_SDK[605054][999-399-549750] : generated SR object
07-10 10:08:01.026  5958  5981 D nativeloader: Load /data/data/com.whatsapp/files/decompressed/libs.spo/libgraphutil.so using class loader ns clns-6 (caller=/data/app/~~_quhtLSBa2rDi7LQoqk-5Q==/com.whatsapp-9sChrUY0PoGQEkCQzSsqjg==/base.apk): ok
07-10 10:08:01.044  1129  1129 E sehhealth-service: Could not open /sys/class/power_supply/battery/lrp
07-10 10:08:01.059  5958  5981 D nativeloader: Load /data/data/com.whatsapp/files/decompressed/libs.spo/libgraphstorecerealutil.so using class loader ns clns-6 (caller=/data/app/~~_quhtLSBa2rDi7LQoqk-5Q==/com.whatsapp-9sChrUY0PoGQEkCQzSsqjg==/base.apk): ok
07-10 10:08:01.076  5958  5981 D nativeloader: Load /data/data/com.whatsapp/files/decompressed/libs.spo/libxplat_third-party_zstd__zstd.so using class loader ns clns-6 (caller=/data/app/~~_quhtLSBa2rDi7LQoqk-5Q==/com.whatsapp-9sChrUY0PoGQEkCQzSsqjg==/base.apk): ok
07-10 10:08:01.097  3713  3734 I DMASA[D][999-399-549750]: [DiagmonProvider]Received msg based on provider : true / anr_logging
07-10 10:08:01.101 11502 11502 D BoundBrokerSvc: onRebind: Intent { act=com.google.android.gms.libs.gmscorelogger.service.START dat=chimera-action:/... cmp=com.google.android.gms/.chimera.PersistentDirectBootAwareApiService }
07-10 10:08:01.106  3713  3734 I DMASA[D][999-399-549750]: [DiagmonProvider]Signature Check Success
07-10 10:08:01.127  5991  6016 I DIAGMON_SDK[605054][999-399-549750] : Results : Success
07-10 10:08:01.130  5958  6013 I PlayCore: UID: [10297]  PID: [5958] SplitInstallListenerRegistry : registerListener
07-10 10:08:01.132  1468  2041 D CompatibilityChangeReporter: Compat change id reported: 161145287; UID 10297; state: DISABLED
07-10 10:08:01.152  5958  5981 D nativeloader: Load /data/data/com.whatsapp/files/decompressed/libs.spo/libwhatsappmerged.so using class loader ns clns-6 (caller=/data/app/~~_quhtLSBa2rDi7LQoqk-5Q==/com.whatsapp-9sChrUY0PoGQEkCQzSsqjg==/base.apk): ok
07-10 10:08:01.174  5958  6005 D WM-PackageManagerHelper: Skipping component enablement for androidx.work.impl.background.systemjob.SystemJobService
07-10 10:08:01.174  5958  6005 D WM-Schedulers: Created SystemJobScheduler and enabled SystemJobService
07-10 10:08:01.184  5958  6027 D WM-ForceStopRunnable: Is default app process = true
07-10 10:08:01.185  5958  6027 D WM-ForceStopRunnable: Performing cleanup operations.
07-10 10:08:01.188   616   616 W keymaster_tee: [WRN]begin req PARAMS: A32 B2 P64 
07-10 10:08:01.210   615   628 I keystore2: keystore2::security_level: In create_operation. Success to create IKeystoreOperation. 1000, None
07-10 10:08:01.231  5958  5981 D nativeloader: Load /data/data/com.whatsapp/files/decompressed/libs.spo/libwhatsapp.so using class loader ns clns-6 (caller=/data/app/~~_quhtLSBa2rDi7LQoqk-5Q==/com.whatsapp-9sChrUY0PoGQEkCQzSsqjg==/base.apk): ok
07-10 10:08:01.240  1468  2041 I GenerationRegistry: mBackingStore.isClosed() : false
07-10 10:08:01.266  5958  6027 D WM-SystemJobScheduler: Reconciling jobs
07-10 10:08:01.313  5958  6030 I WhatsAppJni: EnsureThreadAttached: attached current thread to JVM
07-10 10:08:01.345  5958  6033 I WhatsAppJni: EnsureThreadAttached: attached current thread to JVM
07-10 10:08:01.348  5958  6032 I WhatsAppJni: EnsureThreadAttached: attached current thread to JVM
07-10 10:08:01.360  5958  6027 D CompatibilityChangeReporter: Compat change id reported: 160794467; UID 10297; state: ENABLED
07-10 10:08:01.362  5991  6018 I DQA     : [DQADatabaseOpenHelper]db open success
07-10 10:08:01.362  5991  5991 W android.dqagent: Long monitor contention with owner Thread-4 (6018) at k.a k.a.e(android.content.Context)(DBManager.java:6) waiters=0 in k.a k.a.e(android.content.Context) for 308ms
07-10 10:08:01.369  5958  6027 D WM-ForceStopRunnable: Found unfinished work, scheduling it.
07-10 10:08:01.374  5958  6019 W com.whatsapp: Long monitor contention with owner High Pri Worker #1 (5981) at boolean com.whatsapp.infra.nativelibloader.WhatsAppLibLoader.BKC()(:78) waiters=0 in boolean com.whatsapp.infra.nativelibloader.WhatsAppLibLoader.BKC() for 331ms
07-10 10:08:01.398  5958  6027 D CompatibilityChangeReporter: Compat change id reported: 194532703; UID 10297; state: ENABLED
07-10 10:08:01.398  5958  6027 D WM-SystemJobScheduler: Scheduling work ID ec31cb95-c5f6-48c4-a6b2-63c4a94d67d0Job ID 17409
07-10 10:08:01.399  1468  2321 D CompatibilityChangeReporter: Compat change id reported: 194532703; UID 10297; state: ENABLED
07-10 10:08:01.403  5958  6027 D WM-SystemJobScheduler: Scheduling work ID 3ce7974c-00f4-4068-bcde-5289db4faedbJob ID 17497
07-10 10:08:01.411  5958  6027 D WM-SystemJobScheduler: Scheduling work ID 958ffa0a-9cf5-4a0c-b2ef-6dabc34dc2c4Job ID 17499
07-10 10:08:01.421  5958  6027 D WM-SystemJobScheduler: Scheduling work ID 412cb7e2-7c10-4074-9071-9b2d8e742a56Job ID 17500
07-10 10:08:01.472  5958  6015 D ConnectivityManager: StackLog: [android.net.ConnectivityManager.sendRequestForNetwork(ConnectivityManager.java:4744)] [android.net.ConnectivityManager.registerDefaultNetworkCallbackForUid(ConnectivityManager.java:5469)] [android.net.ConnectivityManager.registerDefaultNetworkCallback(ConnectivityManager.java:5436)] [X.AMq.CON(:30)] [X.0TE.handleMessage(:92)]
07-10 10:08:01.478  1468  3875 D ConnectivityService: requestNetwork for uid/pid:10297/5958 activeRequest: null callbackRequest: 13080 [NetworkRequest [ REQUEST id=13081, [ Capabilities: INTERNET&NOT_RESTRICTED&TRUSTED&NOT_VCN_MANAGED Uid: 10297 RequestorUid: 10297 RequestorPkg: com.whatsapp UnderlyingNetworks: Null] ]] callback flags: 0 order: 2147483647 isUidTracked: false declaredMethods: AVAIL|LOST|UNAVAIL|BLK
07-10 10:08:01.482  1468  1776 D ConnectivityService:    accepting network in place of null for NetworkRequest [ REQUEST id=13081, [ Capabilities: INTERNET&NOT_RESTRICTED&TRUSTED&NOT_VCN_MANAGED Uid: 10297 RequestorUid: 10297 RequestorPkg: com.whatsapp UnderlyingNetworks: Null] ]
07-10 10:08:01.487  1468  1531 E MARsVersionManager: Package name: com.sec.android.app.shealth cannot be found.android.content.pm.PackageManager$NameNotFoundException: com.sec.android.app.shealth
07-10 10:08:01.489  1468  1766 D UntrustedWifiNetworkFactory: got request NetworkRequest [ REQUEST id=13081, [ Capabilities: INTERNET&NOT_RESTRICTED&TRUSTED&NOT_VCN_MANAGED Uid: 10297 RequestorUid: 10297 RequestorPkg: com.whatsapp UnderlyingNetworks: Null] ]
07-10 10:08:01.490  1468  1766 D OemPaidWifiNetworkFactory: got request NetworkRequest [ REQUEST id=13081, [ Capabilities: INTERNET&NOT_RESTRICTED&TRUSTED&NOT_VCN_MANAGED Uid: 10297 RequestorUid: 10297 RequestorPkg: com.whatsapp UnderlyingNetworks: Null] ]
07-10 10:08:01.491  1468  1766 D MultiInternetWifiNetworkFactory: got request NetworkRequest [ REQUEST id=13081, [ Capabilities: INTERNET&NOT_RESTRICTED&TRUSTED&NOT_VCN_MANAGED Uid: 10297 RequestorUid: 10297 RequestorPkg: com.whatsapp UnderlyingNetworks: Null] ]
07-10 10:08:01.491  1468  1776 D ConnectivityService: Rematched networks [computed 1ms] [applied 7ms] [issued 3]
07-10 10:08:01.491  1468  1776 D ConnectivityService: NetworkReassignment :
07-10 10:08:01.491  1468  1776 D ConnectivityService:   13081 : null → 101
07-10 10:08:01.494  1468  2321 I ActivityManager: Background started FGS: Allowed [callingPackage: com.whatsapp; callingUid: 10297; uidState: SVC ; intent: Intent { cmp=com.whatsapp/.messaging.service.GcmFGService }; code:PUSH_MESSAGING; tempAllowListReason:<broadcast:u0a216:com.google.android.c2dm.intent.RECEIVE,reason:high-prio FCM,reasonCode:PUSH_MESSAGING,duration:20000,callingUid:10216>; targetSdkVersion:36; callerTargetSdkVersion:36; startForegroundCount:0; bindFromPackage:null]
07-10 10:08:01.497  1468  1491 D SettingsProvider: isChangeAllowed() : name = enabled_notification_listeners
07-10 10:08:01.497  1468  2321 I ActivityManager: Changes in 10297 10 to 4, 0 to 8
07-10 10:08:01.500  1468  1508 W libprocessgroup: Failed to open /dev/blkio//cgroup.procs: No such file or directory
07-10 10:08:01.504 21460 21468 I emkh    : (REDACTED) HDM. appOpsListener %s %s
07-10 10:08:01.507 21460 21468 I emkh    : (REDACTED) HDM. Ignoring irrelevant audio permission changes for package %s
07-10 10:08:01.507  5958  6042 D WM-SystemJobScheduler: Scheduling work ID 502fda08-45bc-4844-88dc-438a61a3cdd0Job ID 17502
07-10 10:08:01.508  1468  1531 E MARsVersionManager: Package name: com.sec.android.app.shealth cannot be found.android.content.pm.PackageManager$NameNotFoundException: com.sec.android.app.shealth
07-10 10:08:01.514  1468  1531 E MARsVersionManager: Package name: com.sec.android.app.shealth cannot be found.android.content.pm.PackageManager$NameNotFoundException: com.sec.android.app.shealth
07-10 10:08:01.540  5958  6042 D WM-GreedyScheduler: Starting tracking for 502fda08-45bc-4844-88dc-438a61a3cdd0
07-10 10:08:01.541  1468  3832 W ActivityManager: Foreground service started from background can not have location/camera/microphone access: service com.whatsapp/.messaging.service.GcmFGService
07-10 10:08:01.542  1468  3832 E AppOps  : User 0, OP 0 is restricted by 1000
07-10 10:08:01.542  1468  3832 E AppOps  : User 0, OP 1 is restricted by 1000
07-10 10:08:01.549  1957  1995 D SecFgsManagerControllerImpl: onForegroundStateChanged: dialogShown:false, isForeground:true, packageName:com.whatsapp , token:android.os.BinderProxy@579b60a, userId:0
07-10 10:08:01.551  5958  6041 E com.whatsapp: No implementation found for void com.facebook.quicklog.QuickPerformanceLoggerNativeProvider.nativeUpdateQPLInstance() (tried Java_com_facebook_quicklog_QuickPerformanceLoggerNativeProvider_nativeUpdateQPLInstance and Java_com_facebook_quicklog_QuickPerformanceLoggerNativeProvider_nativeUpdateQPLInstance__) - is the library loaded, e.g. System.loadLibrary?
07-10 10:08:01.551  1468  1531 E MARsVersionManager: Package name: com.sec.android.app.shealth cannot be found.android.content.pm.PackageManager$NameNotFoundException: com.sec.android.app.shealth
07-10 10:08:01.554  5958  6041 W QPLProvider: QuickPerformanceLoggerProvider failed to update native QPL instance, native library. This is expected during early app initialization
07-10 10:08:01.555  5958  6019 E msys    : E[ADNSUCTIMH WAJMNSRuntime]WAJContextInitMNSRuntime(446)=>[LogLevel:I] Secondary DNS resolver enabled
07-10 10:08:01.556  5958  6019 E msys    : E[N WA]_WAJMNSStreamImplMNSTCPStreamCreate(361)=>[LogLevel:I] WAJMNSStream/impl/tcpStreamCreate/MNSStreamRaw/p=0x770cf01d00
